Nov 19 20:29:07 Docker1 kernel: Linux version 4.18.0-305.3.1.el8.x86_64 (mockbuild@kbuilder.bsys.centos.org) (gcc version 8.4.1 20200928 (Red Hat 8.4.1-1) (GCC)) #1 SMP Tue Jun 1 16:14:33 UTC 2021
Nov 19 20:29:07 Docker1 kernel: Command line: BOOT_IMAGE=(hd0,msdos1)/vmlinuz-4.18.0-305.3.1.el8.x86_64 root=/dev/mapper/cl-root ro crashkernel=auto resume=/dev/mapper/cl-swap rd.lvm.lv=cl/root rd.lvm.lv=cl/swap rhgb quiet
Nov 19 20:29:07 Docker1 kernel: Disabled fast string operations
Nov 19 20:29:07 Docker1 kernel: x86/fpu: Supporting XSAVE feature 0x001: 'x87 floating point registers'
Nov 19 20:29:07 Docker1 kernel: x86/fpu: Supporting XSAVE feature 0x002: 'SSE registers'
Nov 19 20:29:07 Docker1 kernel: x86/fpu: Supporting XSAVE feature 0x004: 'AVX registers'
Nov 19 20:29:07 Docker1 kernel: x86/fpu: xstate_offset[2]:  576, xstate_sizes[2]:  256
Nov 19 20:29:07 Docker1 kernel: x86/fpu: Enabled xstate features 0x7, context size is 832 bytes, using 'standard' format.
Nov 19 20:29:07 Docker1 kernel: BIOS-provided physical RAM map:
Nov 19 20:29:07 Docker1 kernel: BIOS-e820: [mem 0x0000000000000000-0x000000000009ebff] usable
Nov 19 20:29:07 Docker1 kernel: BIOS-e820: [mem 0x000000000009ec00-0x000000000009ffff] reserved
Nov 19 20:29:07 Docker1 kernel: BIOS-e820: [mem 0x00000000000dc000-0x00000000000fffff] reserved
Nov 19 20:29:07 Docker1 kernel: BIOS-e820: [mem 0x0000000000100000-0x00000000bfecffff] usable
Nov 19 20:29:07 Docker1 kernel: BIOS-e820: [mem 0x00000000bfed0000-0x00000000bfefefff] ACPI data
Nov 19 20:29:07 Docker1 kernel: BIOS-e820: [mem 0x00000000bfeff000-0x00000000bfefffff] ACPI NVS
Nov 19 20:29:07 Docker1 kernel: BIOS-e820: [mem 0x00000000bff00000-0x00000000bfffffff] usable
Nov 19 20:29:07 Docker1 kernel: BIOS-e820: [mem 0x00000000f0000000-0x00000000f7ffffff] reserved
Nov 19 20:29:07 Docker1 kernel: BIOS-e820: [mem 0x00000000fec00000-0x00000000fec0ffff] reserved
Nov 19 20:29:07 Docker1 kernel: BIOS-e820: [mem 0x00000000fee00000-0x00000000fee00fff] reserved
Nov 19 20:29:07 Docker1 kernel: BIOS-e820: [mem 0x00000000fffe0000-0x00000000ffffffff] reserved
Nov 19 20:29:07 Docker1 kernel: BIOS-e820: [mem 0x0000000100000000-0x000000021dbfffff] usable
Nov 19 20:29:07 Docker1 kernel: NX (Execute Disable) protection: active
Nov 19 20:29:07 Docker1 kernel: SMBIOS 2.7 present.
Nov 19 20:29:07 Docker1 kernel: DMI: VMware, Inc. VMware Virtual Platform/440BX Desktop Reference Platform, BIOS 6.00 07/29/2019
Nov 19 20:29:07 Docker1 kernel: vmware: hypercall mode: 0x00
Nov 19 20:29:07 Docker1 kernel: Hypervisor detected: VMware
Nov 19 20:29:07 Docker1 kernel: vmware: TSC freq read from hypervisor : 2300.002 MHz
Nov 19 20:29:07 Docker1 kernel: vmware: Host bus clock speed read from hypervisor : 66000000 Hz
Nov 19 20:29:07 Docker1 kernel: vmware: using clock offset of 18934038566 ns
Nov 19 20:29:07 Docker1 kernel: tsc: Detected 2300.002 MHz processor
Nov 19 20:29:07 Docker1 kernel: last_pfn = 0x21dc00 max_arch_pfn = 0x400000000
Nov 19 20:29:07 Docker1 kernel: x86/PAT: Configuration [0-7]: WB  WC  UC- UC  WB  WP  UC- WT  
Nov 19 20:29:07 Docker1 kernel: total RAM covered: 130048M
Nov 19 20:29:07 Docker1 kernel: Found optimal setting for mtrr clean up
Nov 19 20:29:07 Docker1 kernel: gran_size: 64K #011chunk_size: 64K #011num_reg: 7  #011lose cover RAM: 0G
Nov 19 20:29:07 Docker1 kernel: last_pfn = 0xc0000 max_arch_pfn = 0x400000000
Nov 19 20:29:07 Docker1 kernel: found SMP MP-table at [mem 0x000f6a70-0x000f6a7f]
Nov 19 20:29:07 Docker1 kernel: kexec: Reserving the low 1M of memory for crashkernel
Nov 19 20:29:07 Docker1 kernel: Using GB pages for direct mapping
Nov 19 20:29:07 Docker1 kernel: RAMDISK: [mem 0x3172e000-0x34b8efff]
Nov 19 20:29:07 Docker1 kernel: ACPI: Early table checksum verification disabled
Nov 19 20:29:07 Docker1 kernel: ACPI: RSDP 0x00000000000F6A00 000024 (v02 PTLTD )
Nov 19 20:29:07 Docker1 kernel: ACPI: XSDT 0x00000000BFEDB633 00005C (v01 INTEL  440BX    06040000 VMW  01324272)
Nov 19 20:29:07 Docker1 kernel: ACPI: FACP 0x00000000BFEFEE73 0000F4 (v04 INTEL  440BX    06040000 PTL  000F4240)
Nov 19 20:29:07 Docker1 kernel: ACPI: DSDT 0x00000000BFEDD001 021E72 (v01 PTLTD  Custom   06040000 MSFT 03000001)
Nov 19 20:29:07 Docker1 kernel: ACPI: FACS 0x00000000BFEFFFC0 000040
Nov 19 20:29:07 Docker1 kernel: ACPI: FACS 0x00000000BFEFFFC0 000040
Nov 19 20:29:07 Docker1 kernel: ACPI: BOOT 0x00000000BFEDCFB4 000028 (v01 PTLTD  $SBFTBL$ 06040000  LTP 00000001)
Nov 19 20:29:07 Docker1 kernel: ACPI: APIC 0x00000000BFEDC872 000742 (v01 PTLTD  ? APIC   06040000  LTP 00000000)
Nov 19 20:29:07 Docker1 kernel: ACPI: MCFG 0x00000000BFEDC836 00003C (v01 PTLTD  $PCITBL$ 06040000  LTP 00000001)
Nov 19 20:29:07 Docker1 kernel: ACPI: SRAT 0x00000000BFEDB72F 0008D0 (v02 VMWARE MEMPLUG  06040000 VMW  00000001)
Nov 19 20:29:07 Docker1 kernel: ACPI: HPET 0x00000000BFEDB6F7 000038 (v01 VMWARE VMW HPET 06040000 VMW  00000001)
Nov 19 20:29:07 Docker1 kernel: ACPI: WAET 0x00000000BFEDB6CF 000028 (v01 VMWARE VMW WAET 06040000 VMW  00000001)
Nov 19 20:29:07 Docker1 kernel: Setting APIC routing to physical flat.
Nov 19 20:29:07 Docker1 kernel: SRAT: PXM 0 -> APIC 0x00 -> Node 0
Nov 19 20:29:07 Docker1 kernel: SRAT: PXM 0 -> APIC 0x02 -> Node 0
Nov 19 20:29:07 Docker1 kernel: SRAT: PXM 0 -> APIC 0x04 -> Node 0
Nov 19 20:29:07 Docker1 kernel: SRAT: PXM 0 -> APIC 0x06 -> Node 0
Nov 19 20:29:07 Docker1 kernel: SRAT: PXM 0 -> APIC 0x08 -> Node 0
Nov 19 20:29:07 Docker1 kernel: SRAT: PXM 0 -> APIC 0x0a -> Node 0
Nov 19 20:29:07 Docker1 kernel: SRAT: PXM 0 -> APIC 0x0c -> Node 0
Nov 19 20:29:07 Docker1 kernel: SRAT: PXM 0 -> APIC 0x0e -> Node 0
Nov 19 20:29:07 Docker1 kernel: SRAT: PXM 0 -> APIC 0x10 -> Node 0
Nov 19 20:29:07 Docker1 kernel: SRAT: PXM 0 -> APIC 0x12 -> Node 0
Nov 19 20:29:07 Docker1 kernel: SRAT: PXM 0 -> APIC 0x14 -> Node 0
Nov 19 20:29:07 Docker1 kernel: SRAT: PXM 0 -> APIC 0x16 -> Node 0
Nov 19 20:29:07 Docker1 kernel: SRAT: PXM 0 -> APIC 0x18 -> Node 0
Nov 19 20:29:07 Docker1 kernel: SRAT: PXM 0 -> APIC 0x1a -> Node 0
Nov 19 20:29:07 Docker1 kernel: SRAT: PXM 0 -> APIC 0x1c -> Node 0
Nov 19 20:29:07 Docker1 kernel: SRAT: PXM 0 -> APIC 0x1e -> Node 0
Nov 19 20:29:07 Docker1 kernel: SRAT: PXM 0 -> APIC 0x20 -> Node 0
Nov 19 20:29:07 Docker1 kernel: SRAT: PXM 0 -> APIC 0x22 -> Node 0
Nov 19 20:29:07 Docker1 kernel: SRAT: PXM 0 -> APIC 0x24 -> Node 0
Nov 19 20:29:07 Docker1 kernel: SRAT: PXM 0 -> APIC 0x26 -> Node 0
Nov 19 20:29:07 Docker1 kernel: SRAT: PXM 0 -> APIC 0x28 -> Node 0
Nov 19 20:29:07 Docker1 kernel: SRAT: PXM 0 -> APIC 0x2a -> Node 0
Nov 19 20:29:07 Docker1 kernel: SRAT: PXM 0 -> APIC 0x2c -> Node 0
Nov 19 20:29:07 Docker1 kernel: SRAT: PXM 0 -> APIC 0x2e -> Node 0
Nov 19 20:29:07 Docker1 kernel: SRAT: PXM 0 -> APIC 0x30 -> Node 0
Nov 19 20:29:07 Docker1 kernel: SRAT: PXM 0 -> APIC 0x32 -> Node 0
Nov 19 20:29:07 Docker1 kernel: SRAT: PXM 0 -> APIC 0x34 -> Node 0
Nov 19 20:29:07 Docker1 kernel: SRAT: PXM 0 -> APIC 0x36 -> Node 0
Nov 19 20:29:07 Docker1 kernel: SRAT: PXM 0 -> APIC 0x38 -> Node 0
Nov 19 20:29:07 Docker1 kernel: SRAT: PXM 0 -> APIC 0x3a -> Node 0
Nov 19 20:29:07 Docker1 kernel: SRAT: PXM 0 -> APIC 0x3c -> Node 0
Nov 19 20:29:07 Docker1 kernel: SRAT: PXM 0 -> APIC 0x3e -> Node 0
Nov 19 20:29:07 Docker1 kernel: SRAT: PXM 0 -> APIC 0x40 -> Node 0
Nov 19 20:29:07 Docker1 kernel: SRAT: PXM 0 -> APIC 0x42 -> Node 0
Nov 19 20:29:07 Docker1 kernel: SRAT: PXM 0 -> APIC 0x44 -> Node 0
Nov 19 20:29:07 Docker1 kernel: SRAT: PXM 0 -> APIC 0x46 -> Node 0
Nov 19 20:29:07 Docker1 kernel: SRAT: PXM 0 -> APIC 0x48 -> Node 0
Nov 19 20:29:07 Docker1 kernel: SRAT: PXM 0 -> APIC 0x4a -> Node 0
Nov 19 20:29:07 Docker1 kernel: SRAT: PXM 0 -> APIC 0x4c -> Node 0
Nov 19 20:29:07 Docker1 kernel: SRAT: PXM 0 -> APIC 0x4e -> Node 0
Nov 19 20:29:07 Docker1 kernel: SRAT: PXM 0 -> APIC 0x50 -> Node 0
Nov 19 20:29:07 Docker1 kernel: SRAT: PXM 0 -> APIC 0x52 -> Node 0
Nov 19 20:29:07 Docker1 kernel: SRAT: PXM 0 -> APIC 0x54 -> Node 0
Nov 19 20:29:07 Docker1 kernel: SRAT: PXM 0 -> APIC 0x56 -> Node 0
Nov 19 20:29:07 Docker1 kernel: SRAT: PXM 0 -> APIC 0x58 -> Node 0
Nov 19 20:29:07 Docker1 kernel: SRAT: PXM 0 -> APIC 0x5a -> Node 0
Nov 19 20:29:07 Docker1 kernel: SRAT: PXM 0 -> APIC 0x5c -> Node 0
Nov 19 20:29:07 Docker1 kernel: SRAT: PXM 0 -> APIC 0x5e -> Node 0
Nov 19 20:29:07 Docker1 kernel: SRAT: PXM 0 -> APIC 0x60 -> Node 0
Nov 19 20:29:07 Docker1 kernel: SRAT: PXM 0 -> APIC 0x62 -> Node 0
Nov 19 20:29:07 Docker1 kernel: SRAT: PXM 0 -> APIC 0x64 -> Node 0
Nov 19 20:29:07 Docker1 kernel: SRAT: PXM 0 -> APIC 0x66 -> Node 0
Nov 19 20:29:07 Docker1 kernel: SRAT: PXM 0 -> APIC 0x68 -> Node 0
Nov 19 20:29:07 Docker1 kernel: SRAT: PXM 0 -> APIC 0x6a -> Node 0
Nov 19 20:29:07 Docker1 kernel: SRAT: PXM 0 -> APIC 0x6c -> Node 0
Nov 19 20:29:07 Docker1 kernel: SRAT: PXM 0 -> APIC 0x6e -> Node 0
Nov 19 20:29:07 Docker1 kernel: SRAT: PXM 0 -> APIC 0x70 -> Node 0
Nov 19 20:29:07 Docker1 kernel: SRAT: PXM 0 -> APIC 0x72 -> Node 0
Nov 19 20:29:07 Docker1 kernel: SRAT: PXM 0 -> APIC 0x74 -> Node 0
Nov 19 20:29:07 Docker1 kernel: SRAT: PXM 0 -> APIC 0x76 -> Node 0
Nov 19 20:29:07 Docker1 kernel: SRAT: PXM 0 -> APIC 0x78 -> Node 0
Nov 19 20:29:07 Docker1 kernel: SRAT: PXM 0 -> APIC 0x7a -> Node 0
Nov 19 20:29:07 Docker1 kernel: SRAT: PXM 0 -> APIC 0x7c -> Node 0
Nov 19 20:29:07 Docker1 kernel: SRAT: PXM 0 -> APIC 0x7e -> Node 0
Nov 19 20:29:07 Docker1 kernel: SRAT: PXM 0 -> APIC 0x80 -> Node 0
Nov 19 20:29:07 Docker1 kernel: SRAT: PXM 0 -> APIC 0x82 -> Node 0
Nov 19 20:29:07 Docker1 kernel: SRAT: PXM 0 -> APIC 0x84 -> Node 0
Nov 19 20:29:07 Docker1 kernel: SRAT: PXM 0 -> APIC 0x86 -> Node 0
Nov 19 20:29:07 Docker1 kernel: SRAT: PXM 0 -> APIC 0x88 -> Node 0
Nov 19 20:29:07 Docker1 kernel: SRAT: PXM 0 -> APIC 0x8a -> Node 0
Nov 19 20:29:07 Docker1 kernel: SRAT: PXM 0 -> APIC 0x8c -> Node 0
Nov 19 20:29:07 Docker1 kernel: SRAT: PXM 0 -> APIC 0x8e -> Node 0
Nov 19 20:29:07 Docker1 kernel: SRAT: PXM 0 -> APIC 0x90 -> Node 0
Nov 19 20:29:07 Docker1 kernel: SRAT: PXM 0 -> APIC 0x92 -> Node 0
Nov 19 20:29:07 Docker1 kernel: SRAT: PXM 0 -> APIC 0x94 -> Node 0
Nov 19 20:29:07 Docker1 kernel: SRAT: PXM 0 -> APIC 0x96 -> Node 0
Nov 19 20:29:07 Docker1 kernel: SRAT: PXM 0 -> APIC 0x98 -> Node 0
Nov 19 20:29:07 Docker1 kernel: SRAT: PXM 0 -> APIC 0x9a -> Node 0
Nov 19 20:29:07 Docker1 kernel: SRAT: PXM 0 -> APIC 0x9c -> Node 0
Nov 19 20:29:07 Docker1 kernel: SRAT: PXM 0 -> APIC 0x9e -> Node 0
Nov 19 20:29:07 Docker1 kernel: SRAT: PXM 0 -> APIC 0xa0 -> Node 0
Nov 19 20:29:07 Docker1 kernel: SRAT: PXM 0 -> APIC 0xa2 -> Node 0
Nov 19 20:29:07 Docker1 kernel: SRAT: PXM 0 -> APIC 0xa4 -> Node 0
Nov 19 20:29:07 Docker1 kernel: SRAT: PXM 0 -> APIC 0xa6 -> Node 0
Nov 19 20:29:07 Docker1 kernel: SRAT: PXM 0 -> APIC 0xa8 -> Node 0
Nov 19 20:29:07 Docker1 kernel: SRAT: PXM 0 -> APIC 0xaa -> Node 0
Nov 19 20:29:07 Docker1 kernel: SRAT: PXM 0 -> APIC 0xac -> Node 0
Nov 19 20:29:07 Docker1 kernel: SRAT: PXM 0 -> APIC 0xae -> Node 0
Nov 19 20:29:07 Docker1 kernel: SRAT: PXM 0 -> APIC 0xb0 -> Node 0
Nov 19 20:29:07 Docker1 kernel: SRAT: PXM 0 -> APIC 0xb2 -> Node 0
Nov 19 20:29:07 Docker1 kernel: SRAT: PXM 0 -> APIC 0xb4 -> Node 0
Nov 19 20:29:07 Docker1 kernel: SRAT: PXM 0 -> APIC 0xb6 -> Node 0
Nov 19 20:29:07 Docker1 kernel: SRAT: PXM 0 -> APIC 0xb8 -> Node 0
Nov 19 20:29:07 Docker1 kernel: SRAT: PXM 0 -> APIC 0xba -> Node 0
Nov 19 20:29:07 Docker1 kernel: SRAT: PXM 0 -> APIC 0xbc -> Node 0
Nov 19 20:29:07 Docker1 kernel: SRAT: PXM 0 -> APIC 0xbe -> Node 0
Nov 19 20:29:07 Docker1 kernel: SRAT: PXM 0 -> APIC 0xc0 -> Node 0
Nov 19 20:29:07 Docker1 kernel: SRAT: PXM 0 -> APIC 0xc2 -> Node 0
Nov 19 20:29:07 Docker1 kernel: SRAT: PXM 0 -> APIC 0xc4 -> Node 0
Nov 19 20:29:07 Docker1 kernel: SRAT: PXM 0 -> APIC 0xc6 -> Node 0
Nov 19 20:29:07 Docker1 kernel: SRAT: PXM 0 -> APIC 0xc8 -> Node 0
Nov 19 20:29:07 Docker1 kernel: SRAT: PXM 0 -> APIC 0xca -> Node 0
Nov 19 20:29:07 Docker1 kernel: SRAT: PXM 0 -> APIC 0xcc -> Node 0
Nov 19 20:29:07 Docker1 kernel: SRAT: PXM 0 -> APIC 0xce -> Node 0
Nov 19 20:29:07 Docker1 kernel: SRAT: PXM 0 -> APIC 0xd0 -> Node 0
Nov 19 20:29:07 Docker1 kernel: SRAT: PXM 0 -> APIC 0xd2 -> Node 0
Nov 19 20:29:07 Docker1 kernel: SRAT: PXM 0 -> APIC 0xd4 -> Node 0
Nov 19 20:29:07 Docker1 kernel: SRAT: PXM 0 -> APIC 0xd6 -> Node 0
Nov 19 20:29:07 Docker1 kernel: SRAT: PXM 0 -> APIC 0xd8 -> Node 0
Nov 19 20:29:07 Docker1 kernel: SRAT: PXM 0 -> APIC 0xda -> Node 0
Nov 19 20:29:07 Docker1 kernel: SRAT: PXM 0 -> APIC 0xdc -> Node 0
Nov 19 20:29:07 Docker1 kernel: SRAT: PXM 0 -> APIC 0xde -> Node 0
Nov 19 20:29:07 Docker1 kernel: SRAT: PXM 0 -> APIC 0xe0 -> Node 0
Nov 19 20:29:07 Docker1 kernel: SRAT: PXM 0 -> APIC 0xe2 -> Node 0
Nov 19 20:29:07 Docker1 kernel: SRAT: PXM 0 -> APIC 0xe4 -> Node 0
Nov 19 20:29:07 Docker1 kernel: SRAT: PXM 0 -> APIC 0xe6 -> Node 0
Nov 19 20:29:07 Docker1 kernel: SRAT: PXM 0 -> APIC 0xe8 -> Node 0
Nov 19 20:29:07 Docker1 kernel: SRAT: PXM 0 -> APIC 0xea -> Node 0
Nov 19 20:29:07 Docker1 kernel: SRAT: PXM 0 -> APIC 0xec -> Node 0
Nov 19 20:29:07 Docker1 kernel: SRAT: PXM 0 -> APIC 0xee -> Node 0
Nov 19 20:29:07 Docker1 kernel: SRAT: PXM 0 -> APIC 0xf0 -> Node 0
Nov 19 20:29:07 Docker1 kernel: SRAT: PXM 0 -> APIC 0xf2 -> Node 0
Nov 19 20:29:07 Docker1 kernel: SRAT: PXM 0 -> APIC 0xf4 -> Node 0
Nov 19 20:29:07 Docker1 kernel: SRAT: PXM 0 -> APIC 0xf6 -> Node 0
Nov 19 20:29:07 Docker1 kernel: SRAT: PXM 0 -> APIC 0xf8 -> Node 0
Nov 19 20:29:07 Docker1 kernel: SRAT: PXM 0 -> APIC 0xfa -> Node 0
Nov 19 20:29:07 Docker1 kernel: SRAT: PXM 0 -> APIC 0xfc -> Node 0
Nov 19 20:29:07 Docker1 kernel: SRAT: PXM 0 -> APIC 0xfe -> Node 0
Nov 19 20:29:07 Docker1 kernel: ACPI: SRAT: Node 0 PXM 0 [mem 0x00000000-0x0009ffff]
Nov 19 20:29:07 Docker1 kernel: ACPI: SRAT: Node 0 PXM 0 [mem 0x00100000-0xbfffffff]
Nov 19 20:29:07 Docker1 kernel: ACPI: SRAT: Node 0 PXM 0 [mem 0x100000000-0x21dbfffff]
Nov 19 20:29:07 Docker1 kernel: ACPI: SRAT: Node 0 PXM 0 [mem 0x21dc00000-0x1e17ffffff] hotplug
Nov 19 20:29:07 Docker1 kernel: NUMA: Node 0 [mem 0x00000000-0x0009ffff] + [mem 0x00100000-0xbfffffff] -> [mem 0x00000000-0xbfffffff]
Nov 19 20:29:07 Docker1 kernel: NUMA: Node 0 [mem 0x00000000-0xbfffffff] + [mem 0x100000000-0x21dbfffff] -> [mem 0x00000000-0x21dbfffff]
Nov 19 20:29:07 Docker1 kernel: NODE_DATA(0) allocated [mem 0x21dbd6000-0x21dbfffff]
Nov 19 20:29:07 Docker1 kernel: Using crashkernel=auto, the size chosen is a best effort estimation.
Nov 19 20:29:07 Docker1 kernel: Reserving 192MB of memory at 2864MB for crashkernel (System RAM: 7643MB)
Nov 19 20:29:07 Docker1 kernel: Zone ranges:
Nov 19 20:29:07 Docker1 kernel:  DMA      [mem 0x0000000000001000-0x0000000000ffffff]
Nov 19 20:29:07 Docker1 kernel:  DMA32    [mem 0x0000000001000000-0x00000000ffffffff]
Nov 19 20:29:07 Docker1 kernel:  Normal   [mem 0x0000000100000000-0x000000021dbfffff]
Nov 19 20:29:07 Docker1 kernel:  Device   empty
Nov 19 20:29:07 Docker1 kernel: Movable zone start for each node
Nov 19 20:29:07 Docker1 kernel: Early memory node ranges
Nov 19 20:29:07 Docker1 kernel:  node   0: [mem 0x0000000000001000-0x000000000009dfff]
Nov 19 20:29:07 Docker1 kernel:  node   0: [mem 0x0000000000100000-0x00000000bfecffff]
Nov 19 20:29:07 Docker1 kernel:  node   0: [mem 0x00000000bff00000-0x00000000bfffffff]
Nov 19 20:29:07 Docker1 kernel:  node   0: [mem 0x0000000100000000-0x000000021dbfffff]
Nov 19 20:29:07 Docker1 kernel: Zeroed struct page in unavailable ranges: 9363 pages
Nov 19 20:29:07 Docker1 kernel: Initmem setup node 0 [mem 0x0000000000001000-0x000000021dbfffff]
Nov 19 20:29:07 Docker1 kernel: ACPI: PM-Timer IO Port: 0x1008
Nov 19 20:29:07 Docker1 kernel: ACPI: LAPIC_NMI (acpi_id[0x00] high edge lint[0x1])
Nov 19 20:29:07 Docker1 kernel: ACPI: LAPIC_NMI (acpi_id[0x01] high edge lint[0x1])
Nov 19 20:29:07 Docker1 kernel: ACPI: LAPIC_NMI (acpi_id[0x02] high edge lint[0x1])
Nov 19 20:29:07 Docker1 kernel: ACPI: LAPIC_NMI (acpi_id[0x03] high edge lint[0x1])
Nov 19 20:29:07 Docker1 kernel: ACPI: LAPIC_NMI (acpi_id[0x04] high edge lint[0x1])
Nov 19 20:29:07 Docker1 kernel: ACPI: LAPIC_NMI (acpi_id[0x05] high edge lint[0x1])
Nov 19 20:29:07 Docker1 kernel: ACPI: LAPIC_NMI (acpi_id[0x06] high edge lint[0x1])
Nov 19 20:29:07 Docker1 kernel: ACPI: LAPIC_NMI (acpi_id[0x07] high edge lint[0x1])
Nov 19 20:29:07 Docker1 kernel: ACPI: LAPIC_NMI (acpi_id[0x08] high edge lint[0x1])
Nov 19 20:29:07 Docker1 kernel: ACPI: LAPIC_NMI (acpi_id[0x09] high edge lint[0x1])
Nov 19 20:29:07 Docker1 kernel: ACPI: LAPIC_NMI (acpi_id[0x0a] high edge lint[0x1])
Nov 19 20:29:07 Docker1 kernel: ACPI: LAPIC_NMI (acpi_id[0x0b] high edge lint[0x1])
Nov 19 20:29:07 Docker1 kernel: ACPI: LAPIC_NMI (acpi_id[0x0c] high edge lint[0x1])
Nov 19 20:29:07 Docker1 kernel: ACPI: LAPIC_NMI (acpi_id[0x0d] high edge lint[0x1])
Nov 19 20:29:07 Docker1 kernel: ACPI: LAPIC_NMI (acpi_id[0x0e] high edge lint[0x1])
Nov 19 20:29:07 Docker1 kernel: ACPI: LAPIC_NMI (acpi_id[0x0f] high edge lint[0x1])
Nov 19 20:29:07 Docker1 kernel: ACPI: LAPIC_NMI (acpi_id[0x10] high edge lint[0x1])
Nov 19 20:29:07 Docker1 kernel: ACPI: LAPIC_NMI (acpi_id[0x11] high edge lint[0x1])
Nov 19 20:29:07 Docker1 kernel: ACPI: LAPIC_NMI (acpi_id[0x12] high edge lint[0x1])
Nov 19 20:29:07 Docker1 kernel: ACPI: LAPIC_NMI (acpi_id[0x13] high edge lint[0x1])
Nov 19 20:29:07 Docker1 kernel: ACPI: LAPIC_NMI (acpi_id[0x14] high edge lint[0x1])
Nov 19 20:29:07 Docker1 kernel: ACPI: LAPIC_NMI (acpi_id[0x15] high edge lint[0x1])
Nov 19 20:29:07 Docker1 kernel: ACPI: LAPIC_NMI (acpi_id[0x16] high edge lint[0x1])
Nov 19 20:29:07 Docker1 kernel: ACPI: LAPIC_NMI (acpi_id[0x17] high edge lint[0x1])
Nov 19 20:29:07 Docker1 kernel: ACPI: LAPIC_NMI (acpi_id[0x18] high edge lint[0x1])
Nov 19 20:29:07 Docker1 kernel: ACPI: LAPIC_NMI (acpi_id[0x19] high edge lint[0x1])
Nov 19 20:29:07 Docker1 kernel: ACPI: LAPIC_NMI (acpi_id[0x1a] high edge lint[0x1])
Nov 19 20:29:07 Docker1 kernel: ACPI: LAPIC_NMI (acpi_id[0x1b] high edge lint[0x1])
Nov 19 20:29:07 Docker1 kernel: ACPI: LAPIC_NMI (acpi_id[0x1c] high edge lint[0x1])
Nov 19 20:29:07 Docker1 kernel: ACPI: LAPIC_NMI (acpi_id[0x1d] high edge lint[0x1])
Nov 19 20:29:07 Docker1 kernel: ACPI: LAPIC_NMI (acpi_id[0x1e] high edge lint[0x1])
Nov 19 20:29:07 Docker1 kernel: ACPI: LAPIC_NMI (acpi_id[0x1f] high edge lint[0x1])
Nov 19 20:29:07 Docker1 kernel: ACPI: LAPIC_NMI (acpi_id[0x20] high edge lint[0x1])
Nov 19 20:29:07 Docker1 kernel: ACPI: LAPIC_NMI (acpi_id[0x21] high edge lint[0x1])
Nov 19 20:29:07 Docker1 kernel: ACPI: LAPIC_NMI (acpi_id[0x22] high edge lint[0x1])
Nov 19 20:29:07 Docker1 kernel: ACPI: LAPIC_NMI (acpi_id[0x23] high edge lint[0x1])
Nov 19 20:29:07 Docker1 kernel: ACPI: LAPIC_NMI (acpi_id[0x24] high edge lint[0x1])
Nov 19 20:29:07 Docker1 kernel: ACPI: LAPIC_NMI (acpi_id[0x25] high edge lint[0x1])
Nov 19 20:29:07 Docker1 kernel: ACPI: LAPIC_NMI (acpi_id[0x26] high edge lint[0x1])
Nov 19 20:29:07 Docker1 kernel: ACPI: LAPIC_NMI (acpi_id[0x27] high edge lint[0x1])
Nov 19 20:29:07 Docker1 kernel: ACPI: LAPIC_NMI (acpi_id[0x28] high edge lint[0x1])
Nov 19 20:29:07 Docker1 kernel: ACPI: LAPIC_NMI (acpi_id[0x29] high edge lint[0x1])
Nov 19 20:29:07 Docker1 kernel: ACPI: LAPIC_NMI (acpi_id[0x2a] high edge lint[0x1])
Nov 19 20:29:07 Docker1 kernel: ACPI: LAPIC_NMI (acpi_id[0x2b] high edge lint[0x1])
Nov 19 20:29:07 Docker1 kernel: ACPI: LAPIC_NMI (acpi_id[0x2c] high edge lint[0x1])
Nov 19 20:29:07 Docker1 kernel: ACPI: LAPIC_NMI (acpi_id[0x2d] high edge lint[0x1])
Nov 19 20:29:07 Docker1 kernel: ACPI: LAPIC_NMI (acpi_id[0x2e] high edge lint[0x1])
Nov 19 20:29:07 Docker1 kernel: ACPI: LAPIC_NMI (acpi_id[0x2f] high edge lint[0x1])
Nov 19 20:29:07 Docker1 kernel: ACPI: LAPIC_NMI (acpi_id[0x30] high edge lint[0x1])
Nov 19 20:29:07 Docker1 kernel: ACPI: LAPIC_NMI (acpi_id[0x31] high edge lint[0x1])
Nov 19 20:29:07 Docker1 kernel: ACPI: LAPIC_NMI (acpi_id[0x32] high edge lint[0x1])
Nov 19 20:29:07 Docker1 kernel: ACPI: LAPIC_NMI (acpi_id[0x33] high edge lint[0x1])
Nov 19 20:29:07 Docker1 kernel: ACPI: LAPIC_NMI (acpi_id[0x34] high edge lint[0x1])
Nov 19 20:29:07 Docker1 kernel: ACPI: LAPIC_NMI (acpi_id[0x35] high edge lint[0x1])
Nov 19 20:29:07 Docker1 kernel: ACPI: LAPIC_NMI (acpi_id[0x36] high edge lint[0x1])
Nov 19 20:29:07 Docker1 kernel: ACPI: LAPIC_NMI (acpi_id[0x37] high edge lint[0x1])
Nov 19 20:29:07 Docker1 kernel: ACPI: LAPIC_NMI (acpi_id[0x38] high edge lint[0x1])
Nov 19 20:29:07 Docker1 kernel: ACPI: LAPIC_NMI (acpi_id[0x39] high edge lint[0x1])
Nov 19 20:29:07 Docker1 kernel: ACPI: LAPIC_NMI (acpi_id[0x3a] high edge lint[0x1])
Nov 19 20:29:07 Docker1 kernel: ACPI: LAPIC_NMI (acpi_id[0x3b] high edge lint[0x1])
Nov 19 20:29:07 Docker1 kernel: ACPI: LAPIC_NMI (acpi_id[0x3c] high edge lint[0x1])
Nov 19 20:29:07 Docker1 kernel: ACPI: LAPIC_NMI (acpi_id[0x3d] high edge lint[0x1])
Nov 19 20:29:07 Docker1 kernel: ACPI: LAPIC_NMI (acpi_id[0x3e] high edge lint[0x1])
Nov 19 20:29:07 Docker1 kernel: ACPI: LAPIC_NMI (acpi_id[0x3f] high edge lint[0x1])
Nov 19 20:29:07 Docker1 kernel: ACPI: LAPIC_NMI (acpi_id[0x40] high edge lint[0x1])
Nov 19 20:29:07 Docker1 kernel: ACPI: LAPIC_NMI (acpi_id[0x41] high edge lint[0x1])
Nov 19 20:29:07 Docker1 kernel: ACPI: LAPIC_NMI (acpi_id[0x42] high edge lint[0x1])
Nov 19 20:29:07 Docker1 kernel: ACPI: LAPIC_NMI (acpi_id[0x43] high edge lint[0x1])
Nov 19 20:29:07 Docker1 kernel: ACPI: LAPIC_NMI (acpi_id[0x44] high edge lint[0x1])
Nov 19 20:29:07 Docker1 kernel: ACPI: LAPIC_NMI (acpi_id[0x45] high edge lint[0x1])
Nov 19 20:29:07 Docker1 kernel: ACPI: LAPIC_NMI (acpi_id[0x46] high edge lint[0x1])
Nov 19 20:29:07 Docker1 kernel: ACPI: LAPIC_NMI (acpi_id[0x47] high edge lint[0x1])
Nov 19 20:29:07 Docker1 kernel: ACPI: LAPIC_NMI (acpi_id[0x48] high edge lint[0x1])
Nov 19 20:29:07 Docker1 kernel: ACPI: LAPIC_NMI (acpi_id[0x49] high edge lint[0x1])
Nov 19 20:29:07 Docker1 kernel: ACPI: LAPIC_NMI (acpi_id[0x4a] high edge lint[0x1])
Nov 19 20:29:07 Docker1 kernel: ACPI: LAPIC_NMI (acpi_id[0x4b] high edge lint[0x1])
Nov 19 20:29:07 Docker1 kernel: ACPI: LAPIC_NMI (acpi_id[0x4c] high edge lint[0x1])
Nov 19 20:29:07 Docker1 kernel: ACPI: LAPIC_NMI (acpi_id[0x4d] high edge lint[0x1])
Nov 19 20:29:07 Docker1 kernel: ACPI: LAPIC_NMI (acpi_id[0x4e] high edge lint[0x1])
Nov 19 20:29:07 Docker1 kernel: ACPI: LAPIC_NMI (acpi_id[0x4f] high edge lint[0x1])
Nov 19 20:29:07 Docker1 kernel: ACPI: LAPIC_NMI (acpi_id[0x50] high edge lint[0x1])
Nov 19 20:29:07 Docker1 kernel: ACPI: LAPIC_NMI (acpi_id[0x51] high edge lint[0x1])
Nov 19 20:29:07 Docker1 kernel: ACPI: LAPIC_NMI (acpi_id[0x52] high edge lint[0x1])
Nov 19 20:29:07 Docker1 kernel: ACPI: LAPIC_NMI (acpi_id[0x53] high edge lint[0x1])
Nov 19 20:29:07 Docker1 kernel: ACPI: LAPIC_NMI (acpi_id[0x54] high edge lint[0x1])
Nov 19 20:29:07 Docker1 kernel: ACPI: LAPIC_NMI (acpi_id[0x55] high edge lint[0x1])
Nov 19 20:29:07 Docker1 kernel: ACPI: LAPIC_NMI (acpi_id[0x56] high edge lint[0x1])
Nov 19 20:29:07 Docker1 kernel: ACPI: LAPIC_NMI (acpi_id[0x57] high edge lint[0x1])
Nov 19 20:29:07 Docker1 kernel: ACPI: LAPIC_NMI (acpi_id[0x58] high edge lint[0x1])
Nov 19 20:29:07 Docker1 kernel: ACPI: LAPIC_NMI (acpi_id[0x59] high edge lint[0x1])
Nov 19 20:29:07 Docker1 kernel: ACPI: LAPIC_NMI (acpi_id[0x5a] high edge lint[0x1])
Nov 19 20:29:07 Docker1 kernel: ACPI: LAPIC_NMI (acpi_id[0x5b] high edge lint[0x1])
Nov 19 20:29:07 Docker1 kernel: ACPI: LAPIC_NMI (acpi_id[0x5c] high edge lint[0x1])
Nov 19 20:29:07 Docker1 kernel: ACPI: LAPIC_NMI (acpi_id[0x5d] high edge lint[0x1])
Nov 19 20:29:07 Docker1 kernel: ACPI: LAPIC_NMI (acpi_id[0x5e] high edge lint[0x1])
Nov 19 20:29:07 Docker1 kernel: ACPI: LAPIC_NMI (acpi_id[0x5f] high edge lint[0x1])
Nov 19 20:29:07 Docker1 kernel: ACPI: LAPIC_NMI (acpi_id[0x60] high edge lint[0x1])
Nov 19 20:29:07 Docker1 kernel: ACPI: LAPIC_NMI (acpi_id[0x61] high edge lint[0x1])
Nov 19 20:29:07 Docker1 kernel: ACPI: LAPIC_NMI (acpi_id[0x62] high edge lint[0x1])
Nov 19 20:29:07 Docker1 kernel: ACPI: LAPIC_NMI (acpi_id[0x63] high edge lint[0x1])
Nov 19 20:29:07 Docker1 kernel: ACPI: LAPIC_NMI (acpi_id[0x64] high edge lint[0x1])
Nov 19 20:29:07 Docker1 kernel: ACPI: LAPIC_NMI (acpi_id[0x65] high edge lint[0x1])
Nov 19 20:29:07 Docker1 kernel: ACPI: LAPIC_NMI (acpi_id[0x66] high edge lint[0x1])
Nov 19 20:29:07 Docker1 kernel: ACPI: LAPIC_NMI (acpi_id[0x67] high edge lint[0x1])
Nov 19 20:29:07 Docker1 kernel: ACPI: LAPIC_NMI (acpi_id[0x68] high edge lint[0x1])
Nov 19 20:29:07 Docker1 kernel: ACPI: LAPIC_NMI (acpi_id[0x69] high edge lint[0x1])
Nov 19 20:29:07 Docker1 kernel: ACPI: LAPIC_NMI (acpi_id[0x6a] high edge lint[0x1])
Nov 19 20:29:07 Docker1 kernel: ACPI: LAPIC_NMI (acpi_id[0x6b] high edge lint[0x1])
Nov 19 20:29:07 Docker1 kernel: ACPI: LAPIC_NMI (acpi_id[0x6c] high edge lint[0x1])
Nov 19 20:29:07 Docker1 kernel: ACPI: LAPIC_NMI (acpi_id[0x6d] high edge lint[0x1])
Nov 19 20:29:07 Docker1 kernel: ACPI: LAPIC_NMI (acpi_id[0x6e] high edge lint[0x1])
Nov 19 20:29:07 Docker1 kernel: ACPI: LAPIC_NMI (acpi_id[0x6f] high edge lint[0x1])
Nov 19 20:29:07 Docker1 kernel: ACPI: LAPIC_NMI (acpi_id[0x70] high edge lint[0x1])
Nov 19 20:29:07 Docker1 kernel: ACPI: LAPIC_NMI (acpi_id[0x71] high edge lint[0x1])
Nov 19 20:29:07 Docker1 kernel: ACPI: LAPIC_NMI (acpi_id[0x72] high edge lint[0x1])
Nov 19 20:29:07 Docker1 kernel: ACPI: LAPIC_NMI (acpi_id[0x73] high edge lint[0x1])
Nov 19 20:29:07 Docker1 kernel: ACPI: LAPIC_NMI (acpi_id[0x74] high edge lint[0x1])
Nov 19 20:29:07 Docker1 kernel: ACPI: LAPIC_NMI (acpi_id[0x75] high edge lint[0x1])
Nov 19 20:29:07 Docker1 kernel: ACPI: LAPIC_NMI (acpi_id[0x76] high edge lint[0x1])
Nov 19 20:29:07 Docker1 kernel: ACPI: LAPIC_NMI (acpi_id[0x77] high edge lint[0x1])
Nov 19 20:29:07 Docker1 kernel: ACPI: LAPIC_NMI (acpi_id[0x78] high edge lint[0x1])
Nov 19 20:29:07 Docker1 kernel: ACPI: LAPIC_NMI (acpi_id[0x79] high edge lint[0x1])
Nov 19 20:29:07 Docker1 kernel: ACPI: LAPIC_NMI (acpi_id[0x7a] high edge lint[0x1])
Nov 19 20:29:07 Docker1 kernel: ACPI: LAPIC_NMI (acpi_id[0x7b] high edge lint[0x1])
Nov 19 20:29:07 Docker1 kernel: ACPI: LAPIC_NMI (acpi_id[0x7c] high edge lint[0x1])
Nov 19 20:29:07 Docker1 kernel: ACPI: LAPIC_NMI (acpi_id[0x7d] high edge lint[0x1])
Nov 19 20:29:07 Docker1 kernel: ACPI: LAPIC_NMI (acpi_id[0x7e] high edge lint[0x1])
Nov 19 20:29:07 Docker1 kernel: ACPI: LAPIC_NMI (acpi_id[0x7f] high edge lint[0x1])
Nov 19 20:29:07 Docker1 kernel: IOAPIC[0]: apic_id 1, version 32, address 0xfec00000, GSI 0-23
Nov 19 20:29:07 Docker1 kernel: ACPI: INT_SRC_OVR (bus 0 bus_irq 0 global_irq 2 high edge)
Nov 19 20:29:07 Docker1 kernel: Using ACPI (MADT) for SMP configuration information
Nov 19 20:29:07 Docker1 kernel: ACPI: HPET id: 0x8086af01 base: 0xfed00000
Nov 19 20:29:07 Docker1 kernel: smpboot: Allowing 128 CPUs, 127 hotplug CPUs
Nov 19 20:29:07 Docker1 kernel: PM: Registered nosave memory: [mem 0x00000000-0x00000fff]
Nov 19 20:29:07 Docker1 kernel: PM: Registered nosave memory: [mem 0x0009e000-0x0009efff]
Nov 19 20:29:07 Docker1 kernel: PM: Registered nosave memory: [mem 0x0009f000-0x0009ffff]
Nov 19 20:29:07 Docker1 kernel: PM: Registered nosave memory: [mem 0x000a0000-0x000dbfff]
Nov 19 20:29:07 Docker1 kernel: PM: Registered nosave memory: [mem 0x000dc000-0x000fffff]
Nov 19 20:29:07 Docker1 kernel: PM: Registered nosave memory: [mem 0xbfed0000-0xbfefefff]
Nov 19 20:29:07 Docker1 kernel: PM: Registered nosave memory: [mem 0xbfeff000-0xbfefffff]
Nov 19 20:29:07 Docker1 kernel: PM: Registered nosave memory: [mem 0xc0000000-0xefffffff]
Nov 19 20:29:07 Docker1 kernel: PM: Registered nosave memory: [mem 0xf0000000-0xf7ffffff]
Nov 19 20:29:07 Docker1 kernel: PM: Registered nosave memory: [mem 0xf8000000-0xfebfffff]
Nov 19 20:29:07 Docker1 kernel: PM: Registered nosave memory: [mem 0xfec00000-0xfec0ffff]
Nov 19 20:29:07 Docker1 kernel: PM: Registered nosave memory: [mem 0xfec10000-0xfedfffff]
Nov 19 20:29:07 Docker1 kernel: PM: Registered nosave memory: [mem 0xfee00000-0xfee00fff]
Nov 19 20:29:07 Docker1 kernel: PM: Registered nosave memory: [mem 0xfee01000-0xfffdffff]
Nov 19 20:29:07 Docker1 kernel: PM: Registered nosave memory: [mem 0xfffe0000-0xffffffff]
Nov 19 20:29:07 Docker1 kernel: [mem 0xc0000000-0xefffffff] available for PCI devices
Nov 19 20:29:07 Docker1 kernel: Booting paravirtualized kernel on VMware hypervisor
Nov 19 20:29:07 Docker1 kernel: clocksource: refined-jiffies: mask: 0xffffffff max_cycles: 0xffffffff, max_idle_ns: 1910969940391419 ns
Nov 19 20:29:07 Docker1 kernel: setup_percpu: NR_CPUS:8192 nr_cpumask_bits:128 nr_cpu_ids:128 nr_node_ids:1
Nov 19 20:29:07 Docker1 kernel: percpu: Embedded 54 pages/cpu s184320 r8192 d28672 u262144
Nov 19 20:29:07 Docker1 kernel: Built 1 zonelists, mobility grouping on.  Total pages: 1925984
Nov 19 20:29:07 Docker1 kernel: Policy zone: Normal
Nov 19 20:29:07 Docker1 kernel: Kernel command line: BOOT_IMAGE=(hd0,msdos1)/vmlinuz-4.18.0-305.3.1.el8.x86_64 root=/dev/mapper/cl-root ro crashkernel=auto resume=/dev/mapper/cl-swap rd.lvm.lv=cl/root rd.lvm.lv=cl/swap rhgb quiet
Nov 19 20:29:07 Docker1 kernel: Specific versions of hardware are certified with Red Hat Enterprise Linux 8. Please see the list of hardware certified with Red Hat Enterprise Linux 8 at https://catalog.redhat.com.
Nov 19 20:29:07 Docker1 kernel: Memory: 2959804K/7826868K available (12293K kernel code, 2225K rwdata, 7708K rodata, 2480K init, 14048K bss, 512732K reserved, 0K cma-reserved)
Nov 19 20:29:07 Docker1 kernel: SLUB: HWalign=64, Order=0-3, MinObjects=0, CPUs=128, Nodes=1
Nov 19 20:29:07 Docker1 kernel: Kernel/User page tables isolation: enabled
Nov 19 20:29:07 Docker1 kernel: ftrace: allocating 38570 entries in 151 pages
Nov 19 20:29:07 Docker1 kernel: ftrace: allocated 151 pages with 5 groups
Nov 19 20:29:07 Docker1 kernel: rcu: Hierarchical RCU implementation.
Nov 19 20:29:07 Docker1 kernel: rcu: #011RCU restricting CPUs from NR_CPUS=8192 to nr_cpu_ids=128.
Nov 19 20:29:07 Docker1 kernel: rcu: RCU calculated value of scheduler-enlistment delay is 100 jiffies.
Nov 19 20:29:07 Docker1 kernel: rcu: Adjusting geometry for rcu_fanout_leaf=16, nr_cpu_ids=128
Nov 19 20:29:07 Docker1 kernel: NR_IRQS: 524544, nr_irqs: 1448, preallocated irqs: 16
Nov 19 20:29:07 Docker1 kernel: random: crng done (trusting CPU's manufacturer)
Nov 19 20:29:07 Docker1 kernel: Console: colour VGA+ 80x25
Nov 19 20:29:07 Docker1 kernel: printk: console [tty0] enabled
Nov 19 20:29:07 Docker1 kernel: ACPI: Core revision 20200925
Nov 19 20:29:07 Docker1 kernel: clocksource: hpet: mask: 0xffffffff max_cycles: 0xffffffff, max_idle_ns: 133484882848 ns
Nov 19 20:29:07 Docker1 kernel: APIC: Switch to symmetric I/O mode setup
Nov 19 20:29:07 Docker1 kernel: x2apic enabled
Nov 19 20:29:07 Docker1 kernel: Switched APIC routing to physical x2apic.
Nov 19 20:29:07 Docker1 kernel: ..TIMER: vector=0x30 apic1=0 pin1=2 apic2=-1 pin2=-1
Nov 19 20:29:07 Docker1 kernel: clocksource: tsc-early: mask: 0xffffffffffffffff max_cycles: 0x21273747cc1, max_idle_ns: 440795306113 ns
Nov 19 20:29:07 Docker1 kernel: Calibrating delay loop (skipped) preset value.. 4600.00 BogoMIPS (lpj=2300002)
Nov 19 20:29:07 Docker1 kernel: pid_max: default: 131072 minimum: 1024
Nov 19 20:29:07 Docker1 kernel: Security Framework initialized
Nov 19 20:29:07 Docker1 kernel: Yama: becoming mindful.
Nov 19 20:29:07 Docker1 kernel: SELinux:  Initializing.
Nov 19 20:29:07 Docker1 kernel: Dentry cache hash table entries: 1048576 (order: 11, 8388608 bytes)
Nov 19 20:29:07 Docker1 kernel: Inode-cache hash table entries: 524288 (order: 10, 4194304 bytes)
Nov 19 20:29:07 Docker1 kernel: Mount-cache hash table entries: 16384 (order: 5, 131072 bytes)
Nov 19 20:29:07 Docker1 kernel: Mountpoint-cache hash table entries: 16384 (order: 5, 131072 bytes)
Nov 19 20:29:07 Docker1 kernel: Disabled fast string operations
Nov 19 20:29:07 Docker1 kernel: Last level iTLB entries: 4KB 1024, 2MB 1024, 4MB 1024
Nov 19 20:29:07 Docker1 kernel: Last level dTLB entries: 4KB 1024, 2MB 1024, 4MB 1024, 1GB 4
Nov 19 20:29:07 Docker1 kernel: FEATURE SPEC_CTRL Not Present
Nov 19 20:29:07 Docker1 kernel: FEATURE IBPB_SUPPORT Not Present
Nov 19 20:29:07 Docker1 kernel: Spectre V1 : Mitigation: usercopy/swapgs barriers and __user pointer sanitization
Nov 19 20:29:07 Docker1 kernel: Spectre V2 : Mitigation: Full generic retpoline
Nov 19 20:29:07 Docker1 kernel: Spectre V2 : Spectre v2 / SpectreRSB mitigation: Filling RSB on context switch
Nov 19 20:29:07 Docker1 kernel: Speculative Store Bypass: Vulnerable
Nov 19 20:29:07 Docker1 kernel: MDS: Vulnerable: Clear CPU buffers attempted, no microcode
Nov 19 20:29:07 Docker1 kernel: smpboot: CPU0: Intel(R) Xeon(R) CPU E5-2698 v3 @ 2.30GHz (family: 0x6, model: 0x3f, stepping: 0x2)
Nov 19 20:29:07 Docker1 kernel: Performance Events: Haswell events, core PMU driver.
Nov 19 20:29:07 Docker1 kernel: core: CPUID marked event: 'cpu cycles' unavailable
Nov 19 20:29:07 Docker1 kernel: core: CPUID marked event: 'instructions' unavailable
Nov 19 20:29:07 Docker1 kernel: core: CPUID marked event: 'bus cycles' unavailable
Nov 19 20:29:07 Docker1 kernel: core: CPUID marked event: 'cache references' unavailable
Nov 19 20:29:07 Docker1 kernel: core: CPUID marked event: 'cache misses' unavailable
Nov 19 20:29:07 Docker1 kernel: core: CPUID marked event: 'branch instructions' unavailable
Nov 19 20:29:07 Docker1 kernel: core: CPUID marked event: 'branch misses' unavailable
Nov 19 20:29:07 Docker1 kernel: ... version:                1
Nov 19 20:29:07 Docker1 kernel: ... bit width:              48
Nov 19 20:29:07 Docker1 kernel: ... generic registers:      4
Nov 19 20:29:07 Docker1 kernel: ... value mask:             0000ffffffffffff
Nov 19 20:29:07 Docker1 kernel: ... max period:             000000007fffffff
Nov 19 20:29:07 Docker1 kernel: ... fixed-purpose events:   0
Nov 19 20:29:07 Docker1 kernel: ... event mask:             000000000000000f
Nov 19 20:29:07 Docker1 kernel: rcu: Hierarchical SRCU implementation.
Nov 19 20:29:07 Docker1 kernel: NMI watchdog: Perf NMI watchdog permanently disabled
Nov 19 20:29:07 Docker1 kernel: smp: Bringing up secondary CPUs ...
Nov 19 20:29:07 Docker1 kernel: smp: Brought up 1 node, 1 CPU
Nov 19 20:29:07 Docker1 kernel: smpboot: Max logical packages: 128
Nov 19 20:29:07 Docker1 kernel: smpboot: Total of 1 processors activated (4600.00 BogoMIPS)
Nov 19 20:29:07 Docker1 kernel: node 0 deferred pages initialised in 323ms
Nov 19 20:29:07 Docker1 kernel: devtmpfs: initialized
Nov 19 20:29:07 Docker1 kernel: x86/mm: Memory block size: 128MB
Nov 19 20:29:07 Docker1 kernel: PM: Registering ACPI NVS region [mem 0xbfeff000-0xbfefffff] (4096 bytes)
Nov 19 20:29:07 Docker1 kernel: clocksource: jiffies: mask: 0xffffffff max_cycles: 0xffffffff, max_idle_ns: 1911260446275000 ns
Nov 19 20:29:07 Docker1 kernel: futex hash table entries: 32768 (order: 9, 2097152 bytes)
Nov 19 20:29:07 Docker1 kernel: pinctrl core: initialized pinctrl subsystem
Nov 19 20:29:07 Docker1 kernel: NET: Registered protocol family 16
Nov 19 20:29:07 Docker1 kernel: DMA: preallocated 1024 KiB GFP_KERNEL pool for atomic allocations
Nov 19 20:29:07 Docker1 kernel: DMA: preallocated 1024 KiB GFP_KERNEL|GFP_DMA pool for atomic allocations
Nov 19 20:29:07 Docker1 kernel: DMA: preallocated 1024 KiB GFP_KERNEL|GFP_DMA32 pool for atomic allocations
Nov 19 20:29:07 Docker1 kernel: audit: initializing netlink subsys (disabled)
Nov 19 20:29:07 Docker1 kernel: cpuidle: using governor menu
Nov 19 20:29:07 Docker1 kernel: Simple Boot Flag at 0x36 set to 0x80
Nov 19 20:29:07 Docker1 kernel: ACPI: bus type PCI registered
Nov 19 20:29:07 Docker1 kernel: acpiphp: ACPI Hot Plug PCI Controller Driver version: 0.5
Nov 19 20:29:07 Docker1 kernel: PCI: MMCONFIG for domain 0000 [bus 00-7f] at [mem 0xf0000000-0xf7ffffff] (base 0xf0000000)
Nov 19 20:29:07 Docker1 kernel: PCI: MMCONFIG at [mem 0xf0000000-0xf7ffffff] reserved in E820
Nov 19 20:29:07 Docker1 kernel: PCI: Using configuration type 1 for base access
Nov 19 20:29:07 Docker1 kernel: core: PMU erratum BJ122, BV98, HSD29 workaround disabled, HT off
Nov 19 20:29:07 Docker1 kernel: audit: type=2000 audit(1637333944.435:1): state=initialized audit_enabled=0 res=1
Nov 19 20:29:07 Docker1 kernel: HugeTLB registered 1.00 GiB page size, pre-allocated 0 pages
Nov 19 20:29:07 Docker1 kernel: HugeTLB registered 2.00 MiB page size, pre-allocated 0 pages
Nov 19 20:29:07 Docker1 kernel: cryptd: max_cpu_qlen set to 1000
Nov 19 20:29:07 Docker1 kernel: ACPI: Added _OSI(Module Device)
Nov 19 20:29:07 Docker1 kernel: ACPI: Added _OSI(Processor Device)
Nov 19 20:29:07 Docker1 kernel: ACPI: Added _OSI(3.0 _SCP Extensions)
Nov 19 20:29:07 Docker1 kernel: ACPI: Added _OSI(Processor Aggregator Device)
Nov 19 20:29:07 Docker1 kernel: ACPI: Added _OSI(Linux-Dell-Video)
Nov 19 20:29:07 Docker1 kernel: ACPI: Added _OSI(Linux-Lenovo-NV-HDMI-Audio)
Nov 19 20:29:07 Docker1 kernel: ACPI: Added _OSI(Linux-HPI-Hybrid-Graphics)
Nov 19 20:29:07 Docker1 kernel: ACPI: 1 ACPI AML tables successfully acquired and loaded
Nov 19 20:29:07 Docker1 kernel: ACPI: [Firmware Bug]: BIOS _OSI(Linux) query ignored
Nov 19 20:29:07 Docker1 kernel: ACPI: Interpreter enabled
Nov 19 20:29:07 Docker1 kernel: ACPI: (supports S0 S1 S4 S5)
Nov 19 20:29:07 Docker1 kernel: ACPI: Using IOAPIC for interrupt routing
Nov 19 20:29:07 Docker1 kernel: PCI: Using host bridge windows from ACPI; if necessary, use "pci=nocrs" and report a bug
Nov 19 20:29:07 Docker1 kernel: ACPI: Enabled 4 GPEs in block 00 to 0F
Nov 19 20:29:07 Docker1 kernel: ACPI: PCI Root Bridge [PCI0] (domain 0000 [bus 00-7f])
Nov 19 20:29:07 Docker1 kernel: acpi PNP0A03:00: _OSC: OS supports [ExtendedConfig ASPM ClockPM Segments MSI EDR HPX-Type3]
Nov 19 20:29:07 Docker1 kernel: acpi PNP0A03:00: _OSC: platform does not support [AER LTR DPC]
Nov 19 20:29:07 Docker1 kernel: acpi PNP0A03:00: _OSC: OS now controls [PCIeHotplug SHPCHotplug PME PCIeCapability]
Nov 19 20:29:07 Docker1 kernel: PCI host bridge to bus 0000:00
Nov 19 20:29:07 Docker1 kernel: pci_bus 0000:00: root bus resource [mem 0x000a0000-0x000bffff window]
Nov 19 20:29:07 Docker1 kernel: pci_bus 0000:00: root bus resource [mem 0x000cc000-0x000cffff window]
Nov 19 20:29:07 Docker1 kernel: pci_bus 0000:00: root bus resource [mem 0x000d0000-0x000d3fff window]
Nov 19 20:29:07 Docker1 kernel: pci_bus 0000:00: root bus resource [mem 0x000d4000-0x000d7fff window]
Nov 19 20:29:07 Docker1 kernel: pci_bus 0000:00: root bus resource [mem 0x000d8000-0x000dbfff window]
Nov 19 20:29:07 Docker1 kernel: pci_bus 0000:00: root bus resource [mem 0xc0000000-0xfebfffff window]
Nov 19 20:29:07 Docker1 kernel: pci_bus 0000:00: root bus resource [io  0x0000-0x0cf7 window]
Nov 19 20:29:07 Docker1 kernel: pci_bus 0000:00: root bus resource [io  0x0d00-0xfeff window]
Nov 19 20:29:07 Docker1 kernel: pci_bus 0000:00: root bus resource [bus 00-7f]
Nov 19 20:29:07 Docker1 kernel: pci 0000:00:00.0: [8086:7190] type 00 class 0x060000
Nov 19 20:29:07 Docker1 kernel: pci 0000:00:01.0: [8086:7191] type 01 class 0x060400
Nov 19 20:29:07 Docker1 kernel: pci 0000:00:07.0: [8086:7110] type 00 class 0x060100
Nov 19 20:29:07 Docker1 kernel: pci 0000:00:07.1: [8086:7111] type 00 class 0x01018a
Nov 19 20:29:07 Docker1 kernel: pci 0000:00:07.1: reg 0x20: [io  0x1060-0x106f]
Nov 19 20:29:07 Docker1 kernel: pci 0000:00:07.1: legacy IDE quirk: reg 0x10: [io  0x01f0-0x01f7]
Nov 19 20:29:07 Docker1 kernel: pci 0000:00:07.1: legacy IDE quirk: reg 0x14: [io  0x03f6]
Nov 19 20:29:07 Docker1 kernel: pci 0000:00:07.1: legacy IDE quirk: reg 0x18: [io  0x0170-0x0177]
Nov 19 20:29:07 Docker1 kernel: pci 0000:00:07.1: legacy IDE quirk: reg 0x1c: [io  0x0376]
Nov 19 20:29:07 Docker1 kernel: pci 0000:00:07.3: [8086:7113] type 00 class 0x068000
Nov 19 20:29:07 Docker1 kernel: pci 0000:00:07.3: quirk: [io  0x1000-0x103f] claimed by PIIX4 ACPI
Nov 19 20:29:07 Docker1 kernel: pci 0000:00:07.3: quirk: [io  0x1040-0x104f] claimed by PIIX4 SMB
Nov 19 20:29:07 Docker1 kernel: pci 0000:00:07.7: [15ad:0740] type 00 class 0x088000
Nov 19 20:29:07 Docker1 kernel: pci 0000:00:07.7: reg 0x10: [io  0x1080-0x10bf]
Nov 19 20:29:07 Docker1 kernel: pci 0000:00:07.7: reg 0x14: [mem 0xfebfe000-0xfebfffff 64bit]
Nov 19 20:29:07 Docker1 kernel: pci 0000:00:0f.0: [15ad:0405] type 00 class 0x030000
Nov 19 20:29:07 Docker1 kernel: pci 0000:00:0f.0: reg 0x10: [io  0x1070-0x107f]
Nov 19 20:29:07 Docker1 kernel: pci 0000:00:0f.0: reg 0x14: [mem 0xe8000000-0xefffffff pref]
Nov 19 20:29:07 Docker1 kernel: pci 0000:00:0f.0: reg 0x18: [mem 0xfe000000-0xfe7fffff]
Nov 19 20:29:07 Docker1 kernel: pci 0000:00:0f.0: reg 0x30: [mem 0x00000000-0x00007fff pref]
Nov 19 20:29:07 Docker1 kernel: pci 0000:00:10.0: [1000:0030] type 00 class 0x010000
Nov 19 20:29:07 Docker1 kernel: pci 0000:00:10.0: reg 0x10: [io  0x1400-0x14ff]
Nov 19 20:29:07 Docker1 kernel: pci 0000:00:10.0: reg 0x14: [mem 0xfeba0000-0xfebbffff 64bit]
Nov 19 20:29:07 Docker1 kernel: pci 0000:00:10.0: reg 0x1c: [mem 0xfebc0000-0xfebdffff 64bit]
Nov 19 20:29:07 Docker1 kernel: pci 0000:00:10.0: reg 0x30: [mem 0x00000000-0x00003fff pref]
Nov 19 20:29:07 Docker1 kernel: pci 0000:00:11.0: [15ad:0790] type 01 class 0x060401
Nov 19 20:29:07 Docker1 kernel: pci 0000:00:15.0: [15ad:07a0] type 01 class 0x060400
Nov 19 20:29:07 Docker1 kernel: pci 0000:00:15.0: PME# supported from D0 D3hot D3cold
Nov 19 20:29:07 Docker1 kernel: pci 0000:00:15.1: [15ad:07a0] type 01 class 0x060400
Nov 19 20:29:07 Docker1 kernel: pci 0000:00:15.1: PME# supported from D0 D3hot D3cold
Nov 19 20:29:07 Docker1 kernel: pci 0000:00:15.2: [15ad:07a0] type 01 class 0x060400
Nov 19 20:29:07 Docker1 kernel: pci 0000:00:15.2: PME# supported from D0 D3hot D3cold
Nov 19 20:29:07 Docker1 kernel: pci 0000:00:15.3: [15ad:07a0] type 01 class 0x060400
Nov 19 20:29:07 Docker1 kernel: pci 0000:00:15.3: PME# supported from D0 D3hot D3cold
Nov 19 20:29:07 Docker1 kernel: pci 0000:00:15.4: [15ad:07a0] type 01 class 0x060400
Nov 19 20:29:07 Docker1 kernel: pci 0000:00:15.4: PME# supported from D0 D3hot D3cold
Nov 19 20:29:07 Docker1 kernel: pci 0000:00:15.5: [15ad:07a0] type 01 class 0x060400
Nov 19 20:29:07 Docker1 kernel: pci 0000:00:15.5: PME# supported from D0 D3hot D3cold
Nov 19 20:29:07 Docker1 kernel: pci 0000:00:15.6: [15ad:07a0] type 01 class 0x060400
Nov 19 20:29:07 Docker1 kernel: pci 0000:00:15.6: PME# supported from D0 D3hot D3cold
Nov 19 20:29:07 Docker1 kernel: pci 0000:00:15.7: [15ad:07a0] type 01 class 0x060400
Nov 19 20:29:07 Docker1 kernel: pci 0000:00:15.7: PME# supported from D0 D3hot D3cold
Nov 19 20:29:07 Docker1 kernel: pci 0000:00:16.0: [15ad:07a0] type 01 class 0x060400
Nov 19 20:29:07 Docker1 kernel: pci 0000:00:16.0: PME# supported from D0 D3hot D3cold
Nov 19 20:29:07 Docker1 kernel: pci 0000:00:16.1: [15ad:07a0] type 01 class 0x060400
Nov 19 20:29:07 Docker1 kernel: pci 0000:00:16.1: PME# supported from D0 D3hot D3cold
Nov 19 20:29:07 Docker1 kernel: pci 0000:00:16.2: [15ad:07a0] type 01 class 0x060400
Nov 19 20:29:07 Docker1 kernel: pci 0000:00:16.2: PME# supported from D0 D3hot D3cold
Nov 19 20:29:07 Docker1 kernel: pci 0000:00:16.3: [15ad:07a0] type 01 class 0x060400
Nov 19 20:29:07 Docker1 kernel: pci 0000:00:16.3: PME# supported from D0 D3hot D3cold
Nov 19 20:29:07 Docker1 kernel: pci 0000:00:16.4: [15ad:07a0] type 01 class 0x060400
Nov 19 20:29:07 Docker1 kernel: pci 0000:00:16.4: PME# supported from D0 D3hot D3cold
Nov 19 20:29:07 Docker1 kernel: pci 0000:00:16.5: [15ad:07a0] type 01 class 0x060400
Nov 19 20:29:07 Docker1 kernel: pci 0000:00:16.5: PME# supported from D0 D3hot D3cold
Nov 19 20:29:07 Docker1 kernel: pci 0000:00:16.6: [15ad:07a0] type 01 class 0x060400
Nov 19 20:29:07 Docker1 kernel: pci 0000:00:16.6: PME# supported from D0 D3hot D3cold
Nov 19 20:29:07 Docker1 kernel: pci 0000:00:16.7: [15ad:07a0] type 01 class 0x060400
Nov 19 20:29:07 Docker1 kernel: pci 0000:00:16.7: PME# supported from D0 D3hot D3cold
Nov 19 20:29:07 Docker1 kernel: pci 0000:00:17.0: [15ad:07a0] type 01 class 0x060400
Nov 19 20:29:07 Docker1 kernel: pci 0000:00:17.0: PME# supported from D0 D3hot D3cold
Nov 19 20:29:07 Docker1 kernel: pci 0000:00:17.1: [15ad:07a0] type 01 class 0x060400
Nov 19 20:29:07 Docker1 kernel: pci 0000:00:17.1: PME# supported from D0 D3hot D3cold
Nov 19 20:29:07 Docker1 kernel: pci 0000:00:17.2: [15ad:07a0] type 01 class 0x060400
Nov 19 20:29:07 Docker1 kernel: pci 0000:00:17.2: PME# supported from D0 D3hot D3cold
Nov 19 20:29:07 Docker1 kernel: pci 0000:00:17.3: [15ad:07a0] type 01 class 0x060400
Nov 19 20:29:07 Docker1 kernel: pci 0000:00:17.3: PME# supported from D0 D3hot D3cold
Nov 19 20:29:07 Docker1 kernel: pci 0000:00:17.4: [15ad:07a0] type 01 class 0x060400
Nov 19 20:29:07 Docker1 kernel: pci 0000:00:17.4: PME# supported from D0 D3hot D3cold
Nov 19 20:29:07 Docker1 kernel: pci 0000:00:17.5: [15ad:07a0] type 01 class 0x060400
Nov 19 20:29:07 Docker1 kernel: pci 0000:00:17.5: PME# supported from D0 D3hot D3cold
Nov 19 20:29:07 Docker1 kernel: pci 0000:00:17.6: [15ad:07a0] type 01 class 0x060400
Nov 19 20:29:07 Docker1 kernel: pci 0000:00:17.6: PME# supported from D0 D3hot D3cold
Nov 19 20:29:07 Docker1 kernel: pci 0000:00:17.7: [15ad:07a0] type 01 class 0x060400
Nov 19 20:29:07 Docker1 kernel: pci 0000:00:17.7: PME# supported from D0 D3hot D3cold
Nov 19 20:29:07 Docker1 kernel: pci 0000:00:18.0: [15ad:07a0] type 01 class 0x060400
Nov 19 20:29:07 Docker1 kernel: pci 0000:00:18.0: PME# supported from D0 D3hot D3cold
Nov 19 20:29:07 Docker1 kernel: pci 0000:00:18.1: [15ad:07a0] type 01 class 0x060400
Nov 19 20:29:07 Docker1 kernel: pci 0000:00:18.1: PME# supported from D0 D3hot D3cold
Nov 19 20:29:07 Docker1 kernel: pci 0000:00:18.2: [15ad:07a0] type 01 class 0x060400
Nov 19 20:29:07 Docker1 kernel: pci 0000:00:18.2: PME# supported from D0 D3hot D3cold
Nov 19 20:29:07 Docker1 kernel: pci 0000:00:18.3: [15ad:07a0] type 01 class 0x060400
Nov 19 20:29:07 Docker1 kernel: pci 0000:00:18.3: PME# supported from D0 D3hot D3cold
Nov 19 20:29:07 Docker1 kernel: pci 0000:00:18.4: [15ad:07a0] type 01 class 0x060400
Nov 19 20:29:07 Docker1 kernel: pci 0000:00:18.4: PME# supported from D0 D3hot D3cold
Nov 19 20:29:07 Docker1 kernel: pci 0000:00:18.5: [15ad:07a0] type 01 class 0x060400
Nov 19 20:29:07 Docker1 kernel: pci 0000:00:18.5: PME# supported from D0 D3hot D3cold
Nov 19 20:29:07 Docker1 kernel: pci 0000:00:18.6: [15ad:07a0] type 01 class 0x060400
Nov 19 20:29:07 Docker1 kernel: pci 0000:00:18.6: PME# supported from D0 D3hot D3cold
Nov 19 20:29:07 Docker1 kernel: pci 0000:00:18.7: [15ad:07a0] type 01 class 0x060400
Nov 19 20:29:07 Docker1 kernel: pci 0000:00:18.7: PME# supported from D0 D3hot D3cold
Nov 19 20:29:07 Docker1 kernel: pci_bus 0000:01: extended config space not accessible
Nov 19 20:29:07 Docker1 kernel: pci 0000:00:01.0: PCI bridge to [bus 01]
Nov 19 20:29:07 Docker1 kernel: pci_bus 0000:02: extended config space not accessible
Nov 19 20:29:07 Docker1 kernel: acpiphp: Slot [32] registered
Nov 19 20:29:07 Docker1 kernel: acpiphp: Slot [33] registered
Nov 19 20:29:07 Docker1 kernel: acpiphp: Slot [34] registered
Nov 19 20:29:07 Docker1 kernel: acpiphp: Slot [35] registered
Nov 19 20:29:07 Docker1 kernel: acpiphp: Slot [36] registered
Nov 19 20:29:07 Docker1 kernel: acpiphp: Slot [37] registered
Nov 19 20:29:07 Docker1 kernel: acpiphp: Slot [38] registered
Nov 19 20:29:07 Docker1 kernel: acpiphp: Slot [39] registered
Nov 19 20:29:07 Docker1 kernel: acpiphp: Slot [40] registered
Nov 19 20:29:07 Docker1 kernel: acpiphp: Slot [41] registered
Nov 19 20:29:07 Docker1 kernel: acpiphp: Slot [42] registered
Nov 19 20:29:07 Docker1 kernel: acpiphp: Slot [43] registered
Nov 19 20:29:07 Docker1 kernel: acpiphp: Slot [44] registered
Nov 19 20:29:07 Docker1 kernel: acpiphp: Slot [45] registered
Nov 19 20:29:07 Docker1 kernel: acpiphp: Slot [46] registered
Nov 19 20:29:07 Docker1 kernel: acpiphp: Slot [47] registered
Nov 19 20:29:07 Docker1 kernel: acpiphp: Slot [48] registered
Nov 19 20:29:07 Docker1 kernel: acpiphp: Slot [49] registered
Nov 19 20:29:07 Docker1 kernel: acpiphp: Slot [50] registered
Nov 19 20:29:07 Docker1 kernel: acpiphp: Slot [51] registered
Nov 19 20:29:07 Docker1 kernel: acpiphp: Slot [52] registered
Nov 19 20:29:07 Docker1 kernel: acpiphp: Slot [53] registered
Nov 19 20:29:07 Docker1 kernel: acpiphp: Slot [54] registered
Nov 19 20:29:07 Docker1 kernel: acpiphp: Slot [55] registered
Nov 19 20:29:07 Docker1 kernel: acpiphp: Slot [56] registered
Nov 19 20:29:07 Docker1 kernel: acpiphp: Slot [57] registered
Nov 19 20:29:07 Docker1 kernel: acpiphp: Slot [58] registered
Nov 19 20:29:07 Docker1 kernel: acpiphp: Slot [59] registered
Nov 19 20:29:07 Docker1 kernel: acpiphp: Slot [60] registered
Nov 19 20:29:07 Docker1 kernel: acpiphp: Slot [61] registered
Nov 19 20:29:07 Docker1 kernel: acpiphp: Slot [62] registered
Nov 19 20:29:07 Docker1 kernel: acpiphp: Slot [63] registered
Nov 19 20:29:07 Docker1 kernel: pci 0000:02:00.0: [15ad:0774] type 00 class 0x0c0300
Nov 19 20:29:07 Docker1 kernel: pci 0000:02:00.0: reg 0x20: [io  0x2080-0x209f]
Nov 19 20:29:07 Docker1 kernel: pci 0000:02:01.0: [8086:100f] type 00 class 0x020000
Nov 19 20:29:07 Docker1 kernel: pci 0000:02:01.0: reg 0x10: [mem 0xfd5c0000-0xfd5dffff 64bit]
Nov 19 20:29:07 Docker1 kernel: pci 0000:02:01.0: reg 0x18: [mem 0xfdff0000-0xfdffffff 64bit]
Nov 19 20:29:07 Docker1 kernel: pci 0000:02:01.0: reg 0x20: [io  0x2000-0x203f]
Nov 19 20:29:07 Docker1 kernel: pci 0000:02:01.0: reg 0x30: [mem 0x00000000-0x0000ffff pref]
Nov 19 20:29:07 Docker1 kernel: pci 0000:02:01.0: PME# supported from D0 D3hot D3cold
Nov 19 20:29:07 Docker1 kernel: pci 0000:02:02.0: [1274:1371] type 00 class 0x040100
Nov 19 20:29:07 Docker1 kernel: pci 0000:02:02.0: reg 0x10: [io  0x2040-0x207f]
Nov 19 20:29:07 Docker1 kernel: pci 0000:02:03.0: [15ad:0770] type 00 class 0x0c0320
Nov 19 20:29:07 Docker1 kernel: pci 0000:02:03.0: reg 0x10: [mem 0xfd5ef000-0xfd5effff]
Nov 19 20:29:07 Docker1 kernel: pci 0000:00:11.0: PCI bridge to [bus 02] (subtractive decode)
Nov 19 20:29:07 Docker1 kernel: pci 0000:00:11.0:   bridge window [io  0x2000-0x3fff]
Nov 19 20:29:07 Docker1 kernel: pci 0000:00:11.0:   bridge window [mem 0xfd500000-0xfdffffff]
Nov 19 20:29:07 Docker1 kernel: pci 0000:00:11.0:   bridge window [mem 0xe7b00000-0xe7ffffff 64bit pref]
Nov 19 20:29:07 Docker1 kernel: pci 0000:00:11.0:   bridge window [mem 0x000a0000-0x000bffff window] (subtractive decode)
Nov 19 20:29:07 Docker1 kernel: pci 0000:00:11.0:   bridge window [mem 0x000cc000-0x000cffff window] (subtractive decode)
Nov 19 20:29:07 Docker1 kernel: pci 0000:00:11.0:   bridge window [mem 0x000d0000-0x000d3fff window] (subtractive decode)
Nov 19 20:29:07 Docker1 kernel: pci 0000:00:11.0:   bridge window [mem 0x000d4000-0x000d7fff window] (subtractive decode)
Nov 19 20:29:07 Docker1 kernel: pci 0000:00:11.0:   bridge window [mem 0x000d8000-0x000dbfff window] (subtractive decode)
Nov 19 20:29:07 Docker1 kernel: pci 0000:00:11.0:   bridge window [mem 0xc0000000-0xfebfffff window] (subtractive decode)
Nov 19 20:29:07 Docker1 kernel: pci 0000:00:11.0:   bridge window [io  0x0000-0x0cf7 window] (subtractive decode)
Nov 19 20:29:07 Docker1 kernel: pci 0000:00:11.0:   bridge window [io  0x0d00-0xfeff window] (subtractive decode)
Nov 19 20:29:07 Docker1 kernel: pci 0000:00:15.0: PCI bridge to [bus 03]
Nov 19 20:29:07 Docker1 kernel: pci 0000:00:15.0:   bridge window [io  0x4000-0x4fff]
Nov 19 20:29:07 Docker1 kernel: pci 0000:00:15.0:   bridge window [mem 0xfd400000-0xfd4fffff]
Nov 19 20:29:07 Docker1 kernel: pci 0000:00:15.0:   bridge window [mem 0xe7a00000-0xe7afffff 64bit pref]
Nov 19 20:29:07 Docker1 kernel: pci 0000:00:15.1: PCI bridge to [bus 04]
Nov 19 20:29:07 Docker1 kernel: pci 0000:00:15.1:   bridge window [io  0x8000-0x8fff]
Nov 19 20:29:07 Docker1 kernel: pci 0000:00:15.1:   bridge window [mem 0xfd000000-0xfd0fffff]
Nov 19 20:29:07 Docker1 kernel: pci 0000:00:15.1:   bridge window [mem 0xe7600000-0xe76fffff 64bit pref]
Nov 19 20:29:07 Docker1 kernel: pci 0000:00:15.2: PCI bridge to [bus 05]
Nov 19 20:29:07 Docker1 kernel: pci 0000:00:15.2:   bridge window [io  0xc000-0xcfff]
Nov 19 20:29:07 Docker1 kernel: pci 0000:00:15.2:   bridge window [mem 0xfcc00000-0xfccfffff]
Nov 19 20:29:07 Docker1 kernel: pci 0000:00:15.2:   bridge window [mem 0xe7200000-0xe72fffff 64bit pref]
Nov 19 20:29:07 Docker1 kernel: pci 0000:00:15.3: PCI bridge to [bus 06]
Nov 19 20:29:07 Docker1 kernel: pci 0000:00:15.3:   bridge window [mem 0xfc800000-0xfc8fffff]
Nov 19 20:29:07 Docker1 kernel: pci 0000:00:15.3:   bridge window [mem 0xe6e00000-0xe6efffff 64bit pref]
Nov 19 20:29:07 Docker1 kernel: pci 0000:00:15.4: PCI bridge to [bus 07]
Nov 19 20:29:07 Docker1 kernel: pci 0000:00:15.4:   bridge window [mem 0xfc400000-0xfc4fffff]
Nov 19 20:29:07 Docker1 kernel: pci 0000:00:15.4:   bridge window [mem 0xe6a00000-0xe6afffff 64bit pref]
Nov 19 20:29:07 Docker1 kernel: pci 0000:00:15.5: PCI bridge to [bus 08]
Nov 19 20:29:07 Docker1 kernel: pci 0000:00:15.5:   bridge window [mem 0xfc000000-0xfc0fffff]
Nov 19 20:29:07 Docker1 kernel: pci 0000:00:15.5:   bridge window [mem 0xe6600000-0xe66fffff 64bit pref]
Nov 19 20:29:07 Docker1 kernel: pci 0000:00:15.6: PCI bridge to [bus 09]
Nov 19 20:29:07 Docker1 kernel: pci 0000:00:15.6:   bridge window [mem 0xfbc00000-0xfbcfffff]
Nov 19 20:29:07 Docker1 kernel: pci 0000:00:15.6:   bridge window [mem 0xe6200000-0xe62fffff 64bit pref]
Nov 19 20:29:07 Docker1 kernel: pci 0000:00:15.7: PCI bridge to [bus 0a]
Nov 19 20:29:07 Docker1 kernel: pci 0000:00:15.7:   bridge window [mem 0xfb800000-0xfb8fffff]
Nov 19 20:29:07 Docker1 kernel: pci 0000:00:15.7:   bridge window [mem 0xe5e00000-0xe5efffff 64bit pref]
Nov 19 20:29:07 Docker1 kernel: pci 0000:00:16.0: PCI bridge to [bus 0b]
Nov 19 20:29:07 Docker1 kernel: pci 0000:00:16.0:   bridge window [io  0x5000-0x5fff]
Nov 19 20:29:07 Docker1 kernel: pci 0000:00:16.0:   bridge window [mem 0xfd300000-0xfd3fffff]
Nov 19 20:29:07 Docker1 kernel: pci 0000:00:16.0:   bridge window [mem 0xe7900000-0xe79fffff 64bit pref]
Nov 19 20:29:07 Docker1 kernel: pci 0000:00:16.1: PCI bridge to [bus 0c]
Nov 19 20:29:07 Docker1 kernel: pci 0000:00:16.1:   bridge window [io  0x9000-0x9fff]
Nov 19 20:29:07 Docker1 kernel: pci 0000:00:16.1:   bridge window [mem 0xfcf00000-0xfcffffff]
Nov 19 20:29:07 Docker1 kernel: pci 0000:00:16.1:   bridge window [mem 0xe7500000-0xe75fffff 64bit pref]
Nov 19 20:29:07 Docker1 kernel: pci 0000:00:16.2: PCI bridge to [bus 0d]
Nov 19 20:29:07 Docker1 kernel: pci 0000:00:16.2:   bridge window [io  0xd000-0xdfff]
Nov 19 20:29:07 Docker1 kernel: pci 0000:00:16.2:   bridge window [mem 0xfcb00000-0xfcbfffff]
Nov 19 20:29:07 Docker1 kernel: pci 0000:00:16.2:   bridge window [mem 0xe7100000-0xe71fffff 64bit pref]
Nov 19 20:29:07 Docker1 kernel: pci 0000:00:16.3: PCI bridge to [bus 0e]
Nov 19 20:29:07 Docker1 kernel: pci 0000:00:16.3:   bridge window [mem 0xfc700000-0xfc7fffff]
Nov 19 20:29:07 Docker1 kernel: pci 0000:00:16.3:   bridge window [mem 0xe6d00000-0xe6dfffff 64bit pref]
Nov 19 20:29:07 Docker1 kernel: pci 0000:00:16.4: PCI bridge to [bus 0f]
Nov 19 20:29:07 Docker1 kernel: pci 0000:00:16.4:   bridge window [mem 0xfc300000-0xfc3fffff]
Nov 19 20:29:07 Docker1 kernel: pci 0000:00:16.4:   bridge window [mem 0xe6900000-0xe69fffff 64bit pref]
Nov 19 20:29:07 Docker1 kernel: pci 0000:00:16.5: PCI bridge to [bus 10]
Nov 19 20:29:07 Docker1 kernel: pci 0000:00:16.5:   bridge window [mem 0xfbf00000-0xfbffffff]
Nov 19 20:29:07 Docker1 kernel: pci 0000:00:16.5:   bridge window [mem 0xe6500000-0xe65fffff 64bit pref]
Nov 19 20:29:07 Docker1 kernel: pci 0000:00:16.6: PCI bridge to [bus 11]
Nov 19 20:29:07 Docker1 kernel: pci 0000:00:16.6:   bridge window [mem 0xfbb00000-0xfbbfffff]
Nov 19 20:29:07 Docker1 kernel: pci 0000:00:16.6:   bridge window [mem 0xe6100000-0xe61fffff 64bit pref]
Nov 19 20:29:07 Docker1 kernel: pci 0000:00:16.7: PCI bridge to [bus 12]
Nov 19 20:29:07 Docker1 kernel: pci 0000:00:16.7:   bridge window [mem 0xfb700000-0xfb7fffff]
Nov 19 20:29:07 Docker1 kernel: pci 0000:00:16.7:   bridge window [mem 0xe5d00000-0xe5dfffff 64bit pref]
Nov 19 20:29:07 Docker1 kernel: pci 0000:00:17.0: PCI bridge to [bus 13]
Nov 19 20:29:07 Docker1 kernel: pci 0000:00:17.0:   bridge window [io  0x6000-0x6fff]
Nov 19 20:29:07 Docker1 kernel: pci 0000:00:17.0:   bridge window [mem 0xfd200000-0xfd2fffff]
Nov 19 20:29:07 Docker1 kernel: pci 0000:00:17.0:   bridge window [mem 0xe7800000-0xe78fffff 64bit pref]
Nov 19 20:29:07 Docker1 kernel: pci 0000:00:17.1: PCI bridge to [bus 14]
Nov 19 20:29:07 Docker1 kernel: pci 0000:00:17.1:   bridge window [io  0xa000-0xafff]
Nov 19 20:29:07 Docker1 kernel: pci 0000:00:17.1:   bridge window [mem 0xfce00000-0xfcefffff]
Nov 19 20:29:07 Docker1 kernel: pci 0000:00:17.1:   bridge window [mem 0xe7400000-0xe74fffff 64bit pref]
Nov 19 20:29:07 Docker1 kernel: pci 0000:00:17.2: PCI bridge to [bus 15]
Nov 19 20:29:07 Docker1 kernel: pci 0000:00:17.2:   bridge window [io  0xe000-0xefff]
Nov 19 20:29:07 Docker1 kernel: pci 0000:00:17.2:   bridge window [mem 0xfca00000-0xfcafffff]
Nov 19 20:29:07 Docker1 kernel: pci 0000:00:17.2:   bridge window [mem 0xe7000000-0xe70fffff 64bit pref]
Nov 19 20:29:07 Docker1 kernel: pci 0000:00:17.3: PCI bridge to [bus 16]
Nov 19 20:29:07 Docker1 kernel: pci 0000:00:17.3:   bridge window [mem 0xfc600000-0xfc6fffff]
Nov 19 20:29:07 Docker1 kernel: pci 0000:00:17.3:   bridge window [mem 0xe6c00000-0xe6cfffff 64bit pref]
Nov 19 20:29:07 Docker1 kernel: pci 0000:00:17.4: PCI bridge to [bus 17]
Nov 19 20:29:07 Docker1 kernel: pci 0000:00:17.4:   bridge window [mem 0xfc200000-0xfc2fffff]
Nov 19 20:29:07 Docker1 kernel: pci 0000:00:17.4:   bridge window [mem 0xe6800000-0xe68fffff 64bit pref]
Nov 19 20:29:07 Docker1 kernel: pci 0000:00:17.5: PCI bridge to [bus 18]
Nov 19 20:29:07 Docker1 kernel: pci 0000:00:17.5:   bridge window [mem 0xfbe00000-0xfbefffff]
Nov 19 20:29:07 Docker1 kernel: pci 0000:00:17.5:   bridge window [mem 0xe6400000-0xe64fffff 64bit pref]
Nov 19 20:29:07 Docker1 kernel: pci 0000:00:17.6: PCI bridge to [bus 19]
Nov 19 20:29:07 Docker1 kernel: pci 0000:00:17.6:   bridge window [mem 0xfba00000-0xfbafffff]
Nov 19 20:29:07 Docker1 kernel: pci 0000:00:17.6:   bridge window [mem 0xe6000000-0xe60fffff 64bit pref]
Nov 19 20:29:07 Docker1 kernel: pci 0000:00:17.7: PCI bridge to [bus 1a]
Nov 19 20:29:07 Docker1 kernel: pci 0000:00:17.7:   bridge window [mem 0xfb600000-0xfb6fffff]
Nov 19 20:29:07 Docker1 kernel: pci 0000:00:17.7:   bridge window [mem 0xe5c00000-0xe5cfffff 64bit pref]
Nov 19 20:29:07 Docker1 kernel: pci 0000:00:18.0: PCI bridge to [bus 1b]
Nov 19 20:29:07 Docker1 kernel: pci 0000:00:18.0:   bridge window [io  0x7000-0x7fff]
Nov 19 20:29:07 Docker1 kernel: pci 0000:00:18.0:   bridge window [mem 0xfd100000-0xfd1fffff]
Nov 19 20:29:07 Docker1 kernel: pci 0000:00:18.0:   bridge window [mem 0xe7700000-0xe77fffff 64bit pref]
Nov 19 20:29:07 Docker1 kernel: pci 0000:00:18.1: PCI bridge to [bus 1c]
Nov 19 20:29:07 Docker1 kernel: pci 0000:00:18.1:   bridge window [io  0xb000-0xbfff]
Nov 19 20:29:07 Docker1 kernel: pci 0000:00:18.1:   bridge window [mem 0xfcd00000-0xfcdfffff]
Nov 19 20:29:07 Docker1 kernel: pci 0000:00:18.1:   bridge window [mem 0xe7300000-0xe73fffff 64bit pref]
Nov 19 20:29:07 Docker1 kernel: pci 0000:00:18.2: PCI bridge to [bus 1d]
Nov 19 20:29:07 Docker1 kernel: pci 0000:00:18.2:   bridge window [mem 0xfc900000-0xfc9fffff]
Nov 19 20:29:07 Docker1 kernel: pci 0000:00:18.2:   bridge window [mem 0xe6f00000-0xe6ffffff 64bit pref]
Nov 19 20:29:07 Docker1 kernel: pci 0000:00:18.3: PCI bridge to [bus 1e]
Nov 19 20:29:07 Docker1 kernel: pci 0000:00:18.3:   bridge window [mem 0xfc500000-0xfc5fffff]
Nov 19 20:29:07 Docker1 kernel: pci 0000:00:18.3:   bridge window [mem 0xe6b00000-0xe6bfffff 64bit pref]
Nov 19 20:29:07 Docker1 kernel: pci 0000:00:18.4: PCI bridge to [bus 1f]
Nov 19 20:29:07 Docker1 kernel: pci 0000:00:18.4:   bridge window [mem 0xfc100000-0xfc1fffff]
Nov 19 20:29:07 Docker1 kernel: pci 0000:00:18.4:   bridge window [mem 0xe6700000-0xe67fffff 64bit pref]
Nov 19 20:29:07 Docker1 kernel: pci 0000:00:18.5: PCI bridge to [bus 20]
Nov 19 20:29:07 Docker1 kernel: pci 0000:00:18.5:   bridge window [mem 0xfbd00000-0xfbdfffff]
Nov 19 20:29:07 Docker1 kernel: pci 0000:00:18.5:   bridge window [mem 0xe6300000-0xe63fffff 64bit pref]
Nov 19 20:29:07 Docker1 kernel: pci 0000:00:18.6: PCI bridge to [bus 21]
Nov 19 20:29:07 Docker1 kernel: pci 0000:00:18.6:   bridge window [mem 0xfb900000-0xfb9fffff]
Nov 19 20:29:07 Docker1 kernel: pci 0000:00:18.6:   bridge window [mem 0xe5f00000-0xe5ffffff 64bit pref]
Nov 19 20:29:07 Docker1 kernel: pci 0000:00:18.7: PCI bridge to [bus 22]
Nov 19 20:29:07 Docker1 kernel: pci 0000:00:18.7:   bridge window [mem 0xfb500000-0xfb5fffff]
Nov 19 20:29:07 Docker1 kernel: pci 0000:00:18.7:   bridge window [mem 0xe5b00000-0xe5bfffff 64bit pref]
Nov 19 20:29:07 Docker1 kernel: ACPI: PCI Interrupt Link [LNKA] (IRQs 3 4 5 6 7 *9 10 11 14 15)
Nov 19 20:29:07 Docker1 kernel: ACPI: PCI Interrupt Link [LNKB] (IRQs 3 4 5 6 7 9 10 *11 14 15)
Nov 19 20:29:07 Docker1 kernel: ACPI: PCI Interrupt Link [LNKC] (IRQs 3 4 5 6 7 9 *10 11 14 15)
Nov 19 20:29:07 Docker1 kernel: ACPI: PCI Interrupt Link [LNKD] (IRQs 3 4 5 6 *7 9 10 11 14 15)
Nov 19 20:29:07 Docker1 kernel: iommu: Default domain type: Passthrough 
Nov 19 20:29:07 Docker1 kernel: pci 0000:00:0f.0: vgaarb: setting as boot VGA device
Nov 19 20:29:07 Docker1 kernel: pci 0000:00:0f.0: vgaarb: VGA device added: decodes=io+mem,owns=io+mem,locks=none
Nov 19 20:29:07 Docker1 kernel: pci 0000:00:0f.0: vgaarb: bridge control possible
Nov 19 20:29:07 Docker1 kernel: vgaarb: loaded
Nov 19 20:29:07 Docker1 kernel: SCSI subsystem initialized
Nov 19 20:29:07 Docker1 kernel: ACPI: bus type USB registered
Nov 19 20:29:07 Docker1 kernel: usbcore: registered new interface driver usbfs
Nov 19 20:29:07 Docker1 kernel: usbcore: registered new interface driver hub
Nov 19 20:29:07 Docker1 kernel: usbcore: registered new device driver usb
Nov 19 20:29:07 Docker1 kernel: pps_core: LinuxPPS API ver. 1 registered
Nov 19 20:29:07 Docker1 kernel: pps_core: Software ver. 5.3.6 - Copyright 2005-2007 Rodolfo Giometti <giometti@linux.it>
Nov 19 20:29:07 Docker1 kernel: PTP clock support registered
Nov 19 20:29:07 Docker1 kernel: EDAC MC: Ver: 3.0.0
Nov 19 20:29:07 Docker1 kernel: PCI: Using ACPI for IRQ routing
Nov 19 20:29:07 Docker1 kernel: NetLabel: Initializing
Nov 19 20:29:07 Docker1 kernel: NetLabel:  domain hash size = 128
Nov 19 20:29:07 Docker1 kernel: NetLabel:  protocols = UNLABELED CIPSOv4 CALIPSO
Nov 19 20:29:07 Docker1 kernel: NetLabel:  unlabeled traffic allowed by default
Nov 19 20:29:07 Docker1 kernel: hpet0: at MMIO 0xfed00000, IRQs 2, 8, 0, 0, 0, 0, 0, 0, 0, 0, 0, 0, 0, 0, 0, 0
Nov 19 20:29:07 Docker1 kernel: hpet0: 16 comparators, 64-bit 14.318180 MHz counter
Nov 19 20:29:07 Docker1 kernel: clocksource: Switched to clocksource tsc-early
Nov 19 20:29:07 Docker1 kernel: VFS: Disk quotas dquot_6.6.0
Nov 19 20:29:07 Docker1 kernel: VFS: Dquot-cache hash table entries: 512 (order 0, 4096 bytes)
Nov 19 20:29:07 Docker1 kernel: pnp: PnP ACPI init
Nov 19 20:29:07 Docker1 kernel: system 00:00: [io  0x1000-0x103f] has been reserved
Nov 19 20:29:07 Docker1 kernel: system 00:00: [io  0x1040-0x104f] has been reserved
Nov 19 20:29:07 Docker1 kernel: system 00:00: [io  0x0cf0-0x0cf1] has been reserved
Nov 19 20:29:07 Docker1 kernel: system 00:04: [mem 0xfed00000-0xfed003ff] has been reserved
Nov 19 20:29:07 Docker1 kernel: system 00:06: [io  0xfce0-0xfcff] has been reserved
Nov 19 20:29:07 Docker1 kernel: system 00:06: [mem 0xf0000000-0xf7ffffff] has been reserved
Nov 19 20:29:07 Docker1 kernel: system 00:06: [mem 0xfe800000-0xfe9fffff] has been reserved
Nov 19 20:29:07 Docker1 kernel: pnp: PnP ACPI: found 7 devices
Nov 19 20:29:07 Docker1 kernel: clocksource: acpi_pm: mask: 0xffffff max_cycles: 0xffffff, max_idle_ns: 2085701024 ns
Nov 19 20:29:07 Docker1 kernel: pci 0000:00:15.3: bridge window [io  0x1000-0x0fff] to [bus 06] add_size 1000
Nov 19 20:29:07 Docker1 kernel: pci 0000:00:15.4: bridge window [io  0x1000-0x0fff] to [bus 07] add_size 1000
Nov 19 20:29:07 Docker1 kernel: pci 0000:00:15.5: bridge window [io  0x1000-0x0fff] to [bus 08] add_size 1000
Nov 19 20:29:07 Docker1 kernel: pci 0000:00:15.6: bridge window [io  0x1000-0x0fff] to [bus 09] add_size 1000
Nov 19 20:29:07 Docker1 kernel: pci 0000:00:15.7: bridge window [io  0x1000-0x0fff] to [bus 0a] add_size 1000
Nov 19 20:29:07 Docker1 kernel: pci 0000:00:16.3: bridge window [io  0x1000-0x0fff] to [bus 0e] add_size 1000
Nov 19 20:29:07 Docker1 kernel: pci 0000:00:16.4: bridge window [io  0x1000-0x0fff] to [bus 0f] add_size 1000
Nov 19 20:29:07 Docker1 kernel: pci 0000:00:16.5: bridge window [io  0x1000-0x0fff] to [bus 10] add_size 1000
Nov 19 20:29:07 Docker1 kernel: pci 0000:00:16.6: bridge window [io  0x1000-0x0fff] to [bus 11] add_size 1000
Nov 19 20:29:07 Docker1 kernel: pci 0000:00:16.7: bridge window [io  0x1000-0x0fff] to [bus 12] add_size 1000
Nov 19 20:29:07 Docker1 kernel: pci 0000:00:17.3: bridge window [io  0x1000-0x0fff] to [bus 16] add_size 1000
Nov 19 20:29:07 Docker1 kernel: pci 0000:00:17.4: bridge window [io  0x1000-0x0fff] to [bus 17] add_size 1000
Nov 19 20:29:07 Docker1 kernel: pci 0000:00:17.5: bridge window [io  0x1000-0x0fff] to [bus 18] add_size 1000
Nov 19 20:29:07 Docker1 kernel: pci 0000:00:17.6: bridge window [io  0x1000-0x0fff] to [bus 19] add_size 1000
Nov 19 20:29:07 Docker1 kernel: pci 0000:00:17.7: bridge window [io  0x1000-0x0fff] to [bus 1a] add_size 1000
Nov 19 20:29:07 Docker1 kernel: pci 0000:00:18.2: bridge window [io  0x1000-0x0fff] to [bus 1d] add_size 1000
Nov 19 20:29:07 Docker1 kernel: pci 0000:00:18.3: bridge window [io  0x1000-0x0fff] to [bus 1e] add_size 1000
Nov 19 20:29:07 Docker1 kernel: pci 0000:00:18.4: bridge window [io  0x1000-0x0fff] to [bus 1f] add_size 1000
Nov 19 20:29:07 Docker1 kernel: pci 0000:00:18.5: bridge window [io  0x1000-0x0fff] to [bus 20] add_size 1000
Nov 19 20:29:07 Docker1 kernel: pci 0000:00:18.6: bridge window [io  0x1000-0x0fff] to [bus 21] add_size 1000
Nov 19 20:29:07 Docker1 kernel: pci 0000:00:18.7: bridge window [io  0x1000-0x0fff] to [bus 22] add_size 1000
Nov 19 20:29:07 Docker1 kernel: pci 0000:00:0f.0: BAR 6: assigned [mem 0xc0000000-0xc0007fff pref]
Nov 19 20:29:07 Docker1 kernel: pci 0000:00:10.0: BAR 6: assigned [mem 0xc0008000-0xc000bfff pref]
Nov 19 20:29:07 Docker1 kernel: pci 0000:00:15.3: BAR 13: no space for [io  size 0x1000]
Nov 19 20:29:07 Docker1 kernel: pci 0000:00:15.3: BAR 13: failed to assign [io  size 0x1000]
Nov 19 20:29:07 Docker1 kernel: pci 0000:00:15.4: BAR 13: no space for [io  size 0x1000]
Nov 19 20:29:07 Docker1 kernel: pci 0000:00:15.4: BAR 13: failed to assign [io  size 0x1000]
Nov 19 20:29:07 Docker1 kernel: pci 0000:00:15.5: BAR 13: no space for [io  size 0x1000]
Nov 19 20:29:07 Docker1 kernel: pci 0000:00:15.5: BAR 13: failed to assign [io  size 0x1000]
Nov 19 20:29:07 Docker1 kernel: pci 0000:00:15.6: BAR 13: no space for [io  size 0x1000]
Nov 19 20:29:07 Docker1 kernel: pci 0000:00:15.6: BAR 13: failed to assign [io  size 0x1000]
Nov 19 20:29:07 Docker1 kernel: pci 0000:00:15.7: BAR 13: no space for [io  size 0x1000]
Nov 19 20:29:07 Docker1 kernel: pci 0000:00:15.7: BAR 13: failed to assign [io  size 0x1000]
Nov 19 20:29:07 Docker1 kernel: pci 0000:00:16.3: BAR 13: no space for [io  size 0x1000]
Nov 19 20:29:07 Docker1 kernel: pci 0000:00:16.3: BAR 13: failed to assign [io  size 0x1000]
Nov 19 20:29:07 Docker1 kernel: pci 0000:00:16.4: BAR 13: no space for [io  size 0x1000]
Nov 19 20:29:07 Docker1 kernel: pci 0000:00:16.4: BAR 13: failed to assign [io  size 0x1000]
Nov 19 20:29:07 Docker1 kernel: pci 0000:00:16.5: BAR 13: no space for [io  size 0x1000]
Nov 19 20:29:07 Docker1 kernel: pci 0000:00:16.5: BAR 13: failed to assign [io  size 0x1000]
Nov 19 20:29:07 Docker1 kernel: pci 0000:00:16.6: BAR 13: no space for [io  size 0x1000]
Nov 19 20:29:07 Docker1 kernel: pci 0000:00:16.6: BAR 13: failed to assign [io  size 0x1000]
Nov 19 20:29:07 Docker1 kernel: pci 0000:00:16.7: BAR 13: no space for [io  size 0x1000]
Nov 19 20:29:07 Docker1 kernel: pci 0000:00:16.7: BAR 13: failed to assign [io  size 0x1000]
Nov 19 20:29:07 Docker1 kernel: pci 0000:00:17.3: BAR 13: no space for [io  size 0x1000]
Nov 19 20:29:07 Docker1 kernel: pci 0000:00:17.3: BAR 13: failed to assign [io  size 0x1000]
Nov 19 20:29:07 Docker1 kernel: pci 0000:00:17.4: BAR 13: no space for [io  size 0x1000]
Nov 19 20:29:07 Docker1 kernel: pci 0000:00:17.4: BAR 13: failed to assign [io  size 0x1000]
Nov 19 20:29:07 Docker1 kernel: pci 0000:00:17.5: BAR 13: no space for [io  size 0x1000]
Nov 19 20:29:07 Docker1 kernel: pci 0000:00:17.5: BAR 13: failed to assign [io  size 0x1000]
Nov 19 20:29:07 Docker1 kernel: pci 0000:00:17.6: BAR 13: no space for [io  size 0x1000]
Nov 19 20:29:07 Docker1 kernel: pci 0000:00:17.6: BAR 13: failed to assign [io  size 0x1000]
Nov 19 20:29:07 Docker1 kernel: pci 0000:00:17.7: BAR 13: no space for [io  size 0x1000]
Nov 19 20:29:07 Docker1 kernel: pci 0000:00:17.7: BAR 13: failed to assign [io  size 0x1000]
Nov 19 20:29:07 Docker1 kernel: pci 0000:00:18.2: BAR 13: no space for [io  size 0x1000]
Nov 19 20:29:07 Docker1 kernel: pci 0000:00:18.2: BAR 13: failed to assign [io  size 0x1000]
Nov 19 20:29:07 Docker1 kernel: pci 0000:00:18.3: BAR 13: no space for [io  size 0x1000]
Nov 19 20:29:07 Docker1 kernel: pci 0000:00:18.3: BAR 13: failed to assign [io  size 0x1000]
Nov 19 20:29:07 Docker1 kernel: pci 0000:00:18.4: BAR 13: no space for [io  size 0x1000]
Nov 19 20:29:07 Docker1 kernel: pci 0000:00:18.4: BAR 13: failed to assign [io  size 0x1000]
Nov 19 20:29:07 Docker1 kernel: pci 0000:00:18.5: BAR 13: no space for [io  size 0x1000]
Nov 19 20:29:07 Docker1 kernel: pci 0000:00:18.5: BAR 13: failed to assign [io  size 0x1000]
Nov 19 20:29:07 Docker1 kernel: pci 0000:00:18.6: BAR 13: no space for [io  size 0x1000]
Nov 19 20:29:07 Docker1 kernel: pci 0000:00:18.6: BAR 13: failed to assign [io  size 0x1000]
Nov 19 20:29:07 Docker1 kernel: pci 0000:00:18.7: BAR 13: no space for [io  size 0x1000]
Nov 19 20:29:07 Docker1 kernel: pci 0000:00:18.7: BAR 13: failed to assign [io  size 0x1000]
Nov 19 20:29:07 Docker1 kernel: pci 0000:00:18.7: BAR 13: no space for [io  size 0x1000]
Nov 19 20:29:07 Docker1 kernel: pci 0000:00:18.7: BAR 13: failed to assign [io  size 0x1000]
Nov 19 20:29:07 Docker1 kernel: pci 0000:00:18.6: BAR 13: no space for [io  size 0x1000]
Nov 19 20:29:07 Docker1 kernel: pci 0000:00:18.6: BAR 13: failed to assign [io  size 0x1000]
Nov 19 20:29:07 Docker1 kernel: pci 0000:00:18.5: BAR 13: no space for [io  size 0x1000]
Nov 19 20:29:07 Docker1 kernel: pci 0000:00:18.5: BAR 13: failed to assign [io  size 0x1000]
Nov 19 20:29:07 Docker1 kernel: pci 0000:00:18.4: BAR 13: no space for [io  size 0x1000]
Nov 19 20:29:07 Docker1 kernel: pci 0000:00:18.4: BAR 13: failed to assign [io  size 0x1000]
Nov 19 20:29:07 Docker1 kernel: pci 0000:00:18.3: BAR 13: no space for [io  size 0x1000]
Nov 19 20:29:07 Docker1 kernel: pci 0000:00:18.3: BAR 13: failed to assign [io  size 0x1000]
Nov 19 20:29:07 Docker1 kernel: pci 0000:00:18.2: BAR 13: no space for [io  size 0x1000]
Nov 19 20:29:07 Docker1 kernel: pci 0000:00:18.2: BAR 13: failed to assign [io  size 0x1000]
Nov 19 20:29:07 Docker1 kernel: pci 0000:00:17.7: BAR 13: no space for [io  size 0x1000]
Nov 19 20:29:07 Docker1 kernel: pci 0000:00:17.7: BAR 13: failed to assign [io  size 0x1000]
Nov 19 20:29:07 Docker1 kernel: pci 0000:00:17.6: BAR 13: no space for [io  size 0x1000]
Nov 19 20:29:07 Docker1 kernel: pci 0000:00:17.6: BAR 13: failed to assign [io  size 0x1000]
Nov 19 20:29:07 Docker1 kernel: pci 0000:00:17.5: BAR 13: no space for [io  size 0x1000]
Nov 19 20:29:08 Docker1 kernel: pci 0000:00:17.5: BAR 13: failed to assign [io  size 0x1000]
Nov 19 20:29:08 Docker1 kernel: pci 0000:00:17.4: BAR 13: no space for [io  size 0x1000]
Nov 19 20:29:08 Docker1 kernel: pci 0000:00:17.4: BAR 13: failed to assign [io  size 0x1000]
Nov 19 20:29:08 Docker1 kernel: pci 0000:00:17.3: BAR 13: no space for [io  size 0x1000]
Nov 19 20:29:08 Docker1 kernel: pci 0000:00:17.3: BAR 13: failed to assign [io  size 0x1000]
Nov 19 20:29:08 Docker1 kernel: pci 0000:00:16.7: BAR 13: no space for [io  size 0x1000]
Nov 19 20:29:08 Docker1 kernel: pci 0000:00:16.7: BAR 13: failed to assign [io  size 0x1000]
Nov 19 20:29:08 Docker1 kernel: pci 0000:00:16.6: BAR 13: no space for [io  size 0x1000]
Nov 19 20:29:08 Docker1 kernel: pci 0000:00:16.6: BAR 13: failed to assign [io  size 0x1000]
Nov 19 20:29:08 Docker1 kernel: pci 0000:00:16.5: BAR 13: no space for [io  size 0x1000]
Nov 19 20:29:08 Docker1 kernel: pci 0000:00:16.5: BAR 13: failed to assign [io  size 0x1000]
Nov 19 20:29:08 Docker1 kernel: pci 0000:00:16.4: BAR 13: no space for [io  size 0x1000]
Nov 19 20:29:08 Docker1 kernel: pci 0000:00:16.4: BAR 13: failed to assign [io  size 0x1000]
Nov 19 20:29:08 Docker1 kernel: pci 0000:00:16.3: BAR 13: no space for [io  size 0x1000]
Nov 19 20:29:08 Docker1 kernel: pci 0000:00:16.3: BAR 13: failed to assign [io  size 0x1000]
Nov 19 20:29:08 Docker1 kernel: pci 0000:00:15.7: BAR 13: no space for [io  size 0x1000]
Nov 19 20:29:08 Docker1 kernel: pci 0000:00:15.7: BAR 13: failed to assign [io  size 0x1000]
Nov 19 20:29:08 Docker1 kernel: pci 0000:00:15.6: BAR 13: no space for [io  size 0x1000]
Nov 19 20:29:08 Docker1 kernel: pci 0000:00:15.6: BAR 13: failed to assign [io  size 0x1000]
Nov 19 20:29:08 Docker1 kernel: pci 0000:00:15.5: BAR 13: no space for [io  size 0x1000]
Nov 19 20:29:08 Docker1 kernel: pci 0000:00:15.5: BAR 13: failed to assign [io  size 0x1000]
Nov 19 20:29:08 Docker1 kernel: pci 0000:00:15.4: BAR 13: no space for [io  size 0x1000]
Nov 19 20:29:08 Docker1 kernel: pci 0000:00:15.4: BAR 13: failed to assign [io  size 0x1000]
Nov 19 20:29:08 Docker1 kernel: pci 0000:00:15.3: BAR 13: no space for [io  size 0x1000]
Nov 19 20:29:08 Docker1 kernel: pci 0000:00:15.3: BAR 13: failed to assign [io  size 0x1000]
Nov 19 20:29:08 Docker1 kernel: pci 0000:00:01.0: PCI bridge to [bus 01]
Nov 19 20:29:08 Docker1 kernel: pci 0000:02:01.0: BAR 6: assigned [mem 0xfd500000-0xfd50ffff pref]
Nov 19 20:29:08 Docker1 kernel: pci 0000:00:11.0: PCI bridge to [bus 02]
Nov 19 20:29:08 Docker1 kernel: pci 0000:00:11.0:   bridge window [io  0x2000-0x3fff]
Nov 19 20:29:08 Docker1 kernel: pci 0000:00:11.0:   bridge window [mem 0xfd500000-0xfdffffff]
Nov 19 20:29:08 Docker1 kernel: pci 0000:00:11.0:   bridge window [mem 0xe7b00000-0xe7ffffff 64bit pref]
Nov 19 20:29:08 Docker1 kernel: pci 0000:00:15.0: PCI bridge to [bus 03]
Nov 19 20:29:08 Docker1 kernel: pci 0000:00:15.0:   bridge window [io  0x4000-0x4fff]
Nov 19 20:29:08 Docker1 kernel: pci 0000:00:15.0:   bridge window [mem 0xfd400000-0xfd4fffff]
Nov 19 20:29:08 Docker1 kernel: pci 0000:00:15.0:   bridge window [mem 0xe7a00000-0xe7afffff 64bit pref]
Nov 19 20:29:08 Docker1 kernel: pci 0000:00:15.1: PCI bridge to [bus 04]
Nov 19 20:29:08 Docker1 kernel: pci 0000:00:15.1:   bridge window [io  0x8000-0x8fff]
Nov 19 20:29:08 Docker1 kernel: pci 0000:00:15.1:   bridge window [mem 0xfd000000-0xfd0fffff]
Nov 19 20:29:08 Docker1 kernel: pci 0000:00:15.1:   bridge window [mem 0xe7600000-0xe76fffff 64bit pref]
Nov 19 20:29:08 Docker1 kernel: pci 0000:00:15.2: PCI bridge to [bus 05]
Nov 19 20:29:08 Docker1 kernel: pci 0000:00:15.2:   bridge window [io  0xc000-0xcfff]
Nov 19 20:29:08 Docker1 kernel: pci 0000:00:15.2:   bridge window [mem 0xfcc00000-0xfccfffff]
Nov 19 20:29:08 Docker1 kernel: pci 0000:00:15.2:   bridge window [mem 0xe7200000-0xe72fffff 64bit pref]
Nov 19 20:29:08 Docker1 kernel: pci 0000:00:15.3: PCI bridge to [bus 06]
Nov 19 20:29:08 Docker1 kernel: pci 0000:00:15.3:   bridge window [mem 0xfc800000-0xfc8fffff]
Nov 19 20:29:08 Docker1 kernel: pci 0000:00:15.3:   bridge window [mem 0xe6e00000-0xe6efffff 64bit pref]
Nov 19 20:29:08 Docker1 kernel: pci 0000:00:15.4: PCI bridge to [bus 07]
Nov 19 20:29:08 Docker1 kernel: pci 0000:00:15.4:   bridge window [mem 0xfc400000-0xfc4fffff]
Nov 19 20:29:08 Docker1 kernel: pci 0000:00:15.4:   bridge window [mem 0xe6a00000-0xe6afffff 64bit pref]
Nov 19 20:29:08 Docker1 kernel: pci 0000:00:15.5: PCI bridge to [bus 08]
Nov 19 20:29:08 Docker1 kernel: pci 0000:00:15.5:   bridge window [mem 0xfc000000-0xfc0fffff]
Nov 19 20:29:08 Docker1 kernel: pci 0000:00:15.5:   bridge window [mem 0xe6600000-0xe66fffff 64bit pref]
Nov 19 20:29:08 Docker1 kernel: pci 0000:00:15.6: PCI bridge to [bus 09]
Nov 19 20:29:08 Docker1 kernel: pci 0000:00:15.6:   bridge window [mem 0xfbc00000-0xfbcfffff]
Nov 19 20:29:08 Docker1 kernel: pci 0000:00:15.6:   bridge window [mem 0xe6200000-0xe62fffff 64bit pref]
Nov 19 20:29:08 Docker1 kernel: pci 0000:00:15.7: PCI bridge to [bus 0a]
Nov 19 20:29:08 Docker1 kernel: pci 0000:00:15.7:   bridge window [mem 0xfb800000-0xfb8fffff]
Nov 19 20:29:08 Docker1 kernel: pci 0000:00:15.7:   bridge window [mem 0xe5e00000-0xe5efffff 64bit pref]
Nov 19 20:29:08 Docker1 kernel: pci 0000:00:16.0: PCI bridge to [bus 0b]
Nov 19 20:29:08 Docker1 kernel: pci 0000:00:16.0:   bridge window [io  0x5000-0x5fff]
Nov 19 20:29:08 Docker1 kernel: pci 0000:00:16.0:   bridge window [mem 0xfd300000-0xfd3fffff]
Nov 19 20:29:08 Docker1 kernel: pci 0000:00:16.0:   bridge window [mem 0xe7900000-0xe79fffff 64bit pref]
Nov 19 20:29:08 Docker1 kernel: pci 0000:00:16.1: PCI bridge to [bus 0c]
Nov 19 20:29:08 Docker1 kernel: pci 0000:00:16.1:   bridge window [io  0x9000-0x9fff]
Nov 19 20:29:08 Docker1 kernel: pci 0000:00:16.1:   bridge window [mem 0xfcf00000-0xfcffffff]
Nov 19 20:29:08 Docker1 kernel: pci 0000:00:16.1:   bridge window [mem 0xe7500000-0xe75fffff 64bit pref]
Nov 19 20:29:08 Docker1 kernel: pci 0000:00:16.2: PCI bridge to [bus 0d]
Nov 19 20:29:08 Docker1 kernel: pci 0000:00:16.2:   bridge window [io  0xd000-0xdfff]
Nov 19 20:29:08 Docker1 kernel: pci 0000:00:16.2:   bridge window [mem 0xfcb00000-0xfcbfffff]
Nov 19 20:29:08 Docker1 kernel: pci 0000:00:16.2:   bridge window [mem 0xe7100000-0xe71fffff 64bit pref]
Nov 19 20:29:08 Docker1 kernel: pci 0000:00:16.3: PCI bridge to [bus 0e]
Nov 19 20:29:08 Docker1 kernel: pci 0000:00:16.3:   bridge window [mem 0xfc700000-0xfc7fffff]
Nov 19 20:29:08 Docker1 kernel: pci 0000:00:16.3:   bridge window [mem 0xe6d00000-0xe6dfffff 64bit pref]
Nov 19 20:29:08 Docker1 kernel: pci 0000:00:16.4: PCI bridge to [bus 0f]
Nov 19 20:29:08 Docker1 kernel: pci 0000:00:16.4:   bridge window [mem 0xfc300000-0xfc3fffff]
Nov 19 20:29:08 Docker1 kernel: pci 0000:00:16.4:   bridge window [mem 0xe6900000-0xe69fffff 64bit pref]
Nov 19 20:29:08 Docker1 kernel: pci 0000:00:16.5: PCI bridge to [bus 10]
Nov 19 20:29:08 Docker1 kernel: pci 0000:00:16.5:   bridge window [mem 0xfbf00000-0xfbffffff]
Nov 19 20:29:08 Docker1 kernel: pci 0000:00:16.5:   bridge window [mem 0xe6500000-0xe65fffff 64bit pref]
Nov 19 20:29:08 Docker1 kernel: pci 0000:00:16.6: PCI bridge to [bus 11]
Nov 19 20:29:08 Docker1 kernel: pci 0000:00:16.6:   bridge window [mem 0xfbb00000-0xfbbfffff]
Nov 19 20:29:08 Docker1 kernel: pci 0000:00:16.6:   bridge window [mem 0xe6100000-0xe61fffff 64bit pref]
Nov 19 20:29:08 Docker1 kernel: pci 0000:00:16.7: PCI bridge to [bus 12]
Nov 19 20:29:08 Docker1 kernel: pci 0000:00:16.7:   bridge window [mem 0xfb700000-0xfb7fffff]
Nov 19 20:29:08 Docker1 kernel: pci 0000:00:16.7:   bridge window [mem 0xe5d00000-0xe5dfffff 64bit pref]
Nov 19 20:29:08 Docker1 kernel: pci 0000:00:17.0: PCI bridge to [bus 13]
Nov 19 20:29:08 Docker1 kernel: pci 0000:00:17.0:   bridge window [io  0x6000-0x6fff]
Nov 19 20:29:08 Docker1 kernel: pci 0000:00:17.0:   bridge window [mem 0xfd200000-0xfd2fffff]
Nov 19 20:29:08 Docker1 kernel: pci 0000:00:17.0:   bridge window [mem 0xe7800000-0xe78fffff 64bit pref]
Nov 19 20:29:08 Docker1 kernel: pci 0000:00:17.1: PCI bridge to [bus 14]
Nov 19 20:29:08 Docker1 kernel: pci 0000:00:17.1:   bridge window [io  0xa000-0xafff]
Nov 19 20:29:08 Docker1 kernel: pci 0000:00:17.1:   bridge window [mem 0xfce00000-0xfcefffff]
Nov 19 20:29:08 Docker1 kernel: pci 0000:00:17.1:   bridge window [mem 0xe7400000-0xe74fffff 64bit pref]
Nov 19 20:29:08 Docker1 kernel: pci 0000:00:17.2: PCI bridge to [bus 15]
Nov 19 20:29:08 Docker1 kernel: pci 0000:00:17.2:   bridge window [io  0xe000-0xefff]
Nov 19 20:29:08 Docker1 kernel: pci 0000:00:17.2:   bridge window [mem 0xfca00000-0xfcafffff]
Nov 19 20:29:08 Docker1 kernel: pci 0000:00:17.2:   bridge window [mem 0xe7000000-0xe70fffff 64bit pref]
Nov 19 20:29:08 Docker1 kernel: pci 0000:00:17.3: PCI bridge to [bus 16]
Nov 19 20:29:08 Docker1 kernel: pci 0000:00:17.3:   bridge window [mem 0xfc600000-0xfc6fffff]
Nov 19 20:29:08 Docker1 kernel: pci 0000:00:17.3:   bridge window [mem 0xe6c00000-0xe6cfffff 64bit pref]
Nov 19 20:29:08 Docker1 kernel: pci 0000:00:17.4: PCI bridge to [bus 17]
Nov 19 20:29:08 Docker1 kernel: pci 0000:00:17.4:   bridge window [mem 0xfc200000-0xfc2fffff]
Nov 19 20:29:08 Docker1 kernel: pci 0000:00:17.4:   bridge window [mem 0xe6800000-0xe68fffff 64bit pref]
Nov 19 20:29:08 Docker1 kernel: pci 0000:00:17.5: PCI bridge to [bus 18]
Nov 19 20:29:08 Docker1 kernel: pci 0000:00:17.5:   bridge window [mem 0xfbe00000-0xfbefffff]
Nov 19 20:29:08 Docker1 kernel: pci 0000:00:17.5:   bridge window [mem 0xe6400000-0xe64fffff 64bit pref]
Nov 19 20:29:08 Docker1 kernel: pci 0000:00:17.6: PCI bridge to [bus 19]
Nov 19 20:29:08 Docker1 kernel: pci 0000:00:17.6:   bridge window [mem 0xfba00000-0xfbafffff]
Nov 19 20:29:08 Docker1 kernel: pci 0000:00:17.6:   bridge window [mem 0xe6000000-0xe60fffff 64bit pref]
Nov 19 20:29:08 Docker1 kernel: pci 0000:00:17.7: PCI bridge to [bus 1a]
Nov 19 20:29:08 Docker1 kernel: pci 0000:00:17.7:   bridge window [mem 0xfb600000-0xfb6fffff]
Nov 19 20:29:08 Docker1 kernel: pci 0000:00:17.7:   bridge window [mem 0xe5c00000-0xe5cfffff 64bit pref]
Nov 19 20:29:08 Docker1 kernel: pci 0000:00:18.0: PCI bridge to [bus 1b]
Nov 19 20:29:08 Docker1 kernel: pci 0000:00:18.0:   bridge window [io  0x7000-0x7fff]
Nov 19 20:29:08 Docker1 kernel: pci 0000:00:18.0:   bridge window [mem 0xfd100000-0xfd1fffff]
Nov 19 20:29:08 Docker1 kernel: pci 0000:00:18.0:   bridge window [mem 0xe7700000-0xe77fffff 64bit pref]
Nov 19 20:29:08 Docker1 kernel: pci 0000:00:18.1: PCI bridge to [bus 1c]
Nov 19 20:29:08 Docker1 kernel: pci 0000:00:18.1:   bridge window [io  0xb000-0xbfff]
Nov 19 20:29:08 Docker1 kernel: pci 0000:00:18.1:   bridge window [mem 0xfcd00000-0xfcdfffff]
Nov 19 20:29:08 Docker1 kernel: pci 0000:00:18.1:   bridge window [mem 0xe7300000-0xe73fffff 64bit pref]
Nov 19 20:29:08 Docker1 kernel: pci 0000:00:18.2: PCI bridge to [bus 1d]
Nov 19 20:29:08 Docker1 kernel: pci 0000:00:18.2:   bridge window [mem 0xfc900000-0xfc9fffff]
Nov 19 20:29:08 Docker1 kernel: pci 0000:00:18.2:   bridge window [mem 0xe6f00000-0xe6ffffff 64bit pref]
Nov 19 20:29:08 Docker1 kernel: pci 0000:00:18.3: PCI bridge to [bus 1e]
Nov 19 20:29:08 Docker1 kernel: pci 0000:00:18.3:   bridge window [mem 0xfc500000-0xfc5fffff]
Nov 19 20:29:08 Docker1 kernel: pci 0000:00:18.3:   bridge window [mem 0xe6b00000-0xe6bfffff 64bit pref]
Nov 19 20:29:08 Docker1 kernel: pci 0000:00:18.4: PCI bridge to [bus 1f]
Nov 19 20:29:08 Docker1 kernel: pci 0000:00:18.4:   bridge window [mem 0xfc100000-0xfc1fffff]
Nov 19 20:29:08 Docker1 kernel: pci 0000:00:18.4:   bridge window [mem 0xe6700000-0xe67fffff 64bit pref]
Nov 19 20:29:08 Docker1 kernel: pci 0000:00:18.5: PCI bridge to [bus 20]
Nov 19 20:29:08 Docker1 kernel: pci 0000:00:18.5:   bridge window [mem 0xfbd00000-0xfbdfffff]
Nov 19 20:29:08 Docker1 kernel: pci 0000:00:18.5:   bridge window [mem 0xe6300000-0xe63fffff 64bit pref]
Nov 19 20:29:08 Docker1 kernel: pci 0000:00:18.6: PCI bridge to [bus 21]
Nov 19 20:29:08 Docker1 kernel: pci 0000:00:18.6:   bridge window [mem 0xfb900000-0xfb9fffff]
Nov 19 20:29:08 Docker1 kernel: pci 0000:00:18.6:   bridge window [mem 0xe5f00000-0xe5ffffff 64bit pref]
Nov 19 20:29:08 Docker1 kernel: pci 0000:00:18.7: PCI bridge to [bus 22]
Nov 19 20:29:08 Docker1 kernel: pci 0000:00:18.7:   bridge window [mem 0xfb500000-0xfb5fffff]
Nov 19 20:29:08 Docker1 kernel: pci 0000:00:18.7:   bridge window [mem 0xe5b00000-0xe5bfffff 64bit pref]
Nov 19 20:29:08 Docker1 kernel: pci_bus 0000:00: resource 4 [mem 0x000a0000-0x000bffff window]
Nov 19 20:29:08 Docker1 kernel: pci_bus 0000:00: resource 5 [mem 0x000cc000-0x000cffff window]
Nov 19 20:29:08 Docker1 kernel: pci_bus 0000:00: resource 6 [mem 0x000d0000-0x000d3fff window]
Nov 19 20:29:08 Docker1 kernel: pci_bus 0000:00: resource 7 [mem 0x000d4000-0x000d7fff window]
Nov 19 20:29:08 Docker1 kernel: pci_bus 0000:00: resource 8 [mem 0x000d8000-0x000dbfff window]
Nov 19 20:29:08 Docker1 kernel: pci_bus 0000:00: resource 9 [mem 0xc0000000-0xfebfffff window]
Nov 19 20:29:08 Docker1 kernel: pci_bus 0000:00: resource 10 [io  0x0000-0x0cf7 window]
Nov 19 20:29:08 Docker1 kernel: pci_bus 0000:00: resource 11 [io  0x0d00-0xfeff window]
Nov 19 20:29:08 Docker1 kernel: pci_bus 0000:02: resource 0 [io  0x2000-0x3fff]
Nov 19 20:29:08 Docker1 kernel: pci_bus 0000:02: resource 1 [mem 0xfd500000-0xfdffffff]
Nov 19 20:29:08 Docker1 kernel: pci_bus 0000:02: resource 2 [mem 0xe7b00000-0xe7ffffff 64bit pref]
Nov 19 20:29:08 Docker1 kernel: pci_bus 0000:02: resource 4 [mem 0x000a0000-0x000bffff window]
Nov 19 20:29:08 Docker1 kernel: pci_bus 0000:02: resource 5 [mem 0x000cc000-0x000cffff window]
Nov 19 20:29:08 Docker1 kernel: pci_bus 0000:02: resource 6 [mem 0x000d0000-0x000d3fff window]
Nov 19 20:29:08 Docker1 kernel: pci_bus 0000:02: resource 7 [mem 0x000d4000-0x000d7fff window]
Nov 19 20:29:08 Docker1 kernel: pci_bus 0000:02: resource 8 [mem 0x000d8000-0x000dbfff window]
Nov 19 20:29:08 Docker1 kernel: pci_bus 0000:02: resource 9 [mem 0xc0000000-0xfebfffff window]
Nov 19 20:29:08 Docker1 kernel: pci_bus 0000:02: resource 10 [io  0x0000-0x0cf7 window]
Nov 19 20:29:08 Docker1 kernel: pci_bus 0000:02: resource 11 [io  0x0d00-0xfeff window]
Nov 19 20:29:08 Docker1 kernel: pci_bus 0000:03: resource 0 [io  0x4000-0x4fff]
Nov 19 20:29:08 Docker1 kernel: pci_bus 0000:03: resource 1 [mem 0xfd400000-0xfd4fffff]
Nov 19 20:29:08 Docker1 kernel: pci_bus 0000:03: resource 2 [mem 0xe7a00000-0xe7afffff 64bit pref]
Nov 19 20:29:08 Docker1 kernel: pci_bus 0000:04: resource 0 [io  0x8000-0x8fff]
Nov 19 20:29:08 Docker1 kernel: pci_bus 0000:04: resource 1 [mem 0xfd000000-0xfd0fffff]
Nov 19 20:29:08 Docker1 kernel: pci_bus 0000:04: resource 2 [mem 0xe7600000-0xe76fffff 64bit pref]
Nov 19 20:29:08 Docker1 kernel: pci_bus 0000:05: resource 0 [io  0xc000-0xcfff]
Nov 19 20:29:08 Docker1 kernel: pci_bus 0000:05: resource 1 [mem 0xfcc00000-0xfccfffff]
Nov 19 20:29:08 Docker1 kernel: pci_bus 0000:05: resource 2 [mem 0xe7200000-0xe72fffff 64bit pref]
Nov 19 20:29:08 Docker1 kernel: pci_bus 0000:06: resource 1 [mem 0xfc800000-0xfc8fffff]
Nov 19 20:29:08 Docker1 kernel: pci_bus 0000:06: resource 2 [mem 0xe6e00000-0xe6efffff 64bit pref]
Nov 19 20:29:08 Docker1 kernel: pci_bus 0000:07: resource 1 [mem 0xfc400000-0xfc4fffff]
Nov 19 20:29:08 Docker1 kernel: pci_bus 0000:07: resource 2 [mem 0xe6a00000-0xe6afffff 64bit pref]
Nov 19 20:29:08 Docker1 kernel: pci_bus 0000:08: resource 1 [mem 0xfc000000-0xfc0fffff]
Nov 19 20:29:08 Docker1 kernel: pci_bus 0000:08: resource 2 [mem 0xe6600000-0xe66fffff 64bit pref]
Nov 19 20:29:08 Docker1 kernel: pci_bus 0000:09: resource 1 [mem 0xfbc00000-0xfbcfffff]
Nov 19 20:29:08 Docker1 kernel: pci_bus 0000:09: resource 2 [mem 0xe6200000-0xe62fffff 64bit pref]
Nov 19 20:29:08 Docker1 kernel: pci_bus 0000:0a: resource 1 [mem 0xfb800000-0xfb8fffff]
Nov 19 20:29:08 Docker1 kernel: pci_bus 0000:0a: resource 2 [mem 0xe5e00000-0xe5efffff 64bit pref]
Nov 19 20:29:08 Docker1 kernel: pci_bus 0000:0b: resource 0 [io  0x5000-0x5fff]
Nov 19 20:29:08 Docker1 kernel: pci_bus 0000:0b: resource 1 [mem 0xfd300000-0xfd3fffff]
Nov 19 20:29:08 Docker1 kernel: pci_bus 0000:0b: resource 2 [mem 0xe7900000-0xe79fffff 64bit pref]
Nov 19 20:29:08 Docker1 kernel: pci_bus 0000:0c: resource 0 [io  0x9000-0x9fff]
Nov 19 20:29:08 Docker1 kernel: pci_bus 0000:0c: resource 1 [mem 0xfcf00000-0xfcffffff]
Nov 19 20:29:08 Docker1 kernel: pci_bus 0000:0c: resource 2 [mem 0xe7500000-0xe75fffff 64bit pref]
Nov 19 20:29:08 Docker1 kernel: pci_bus 0000:0d: resource 0 [io  0xd000-0xdfff]
Nov 19 20:29:08 Docker1 kernel: pci_bus 0000:0d: resource 1 [mem 0xfcb00000-0xfcbfffff]
Nov 19 20:29:08 Docker1 kernel: pci_bus 0000:0d: resource 2 [mem 0xe7100000-0xe71fffff 64bit pref]
Nov 19 20:29:08 Docker1 kernel: pci_bus 0000:0e: resource 1 [mem 0xfc700000-0xfc7fffff]
Nov 19 20:29:08 Docker1 kernel: pci_bus 0000:0e: resource 2 [mem 0xe6d00000-0xe6dfffff 64bit pref]
Nov 19 20:29:08 Docker1 kernel: pci_bus 0000:0f: resource 1 [mem 0xfc300000-0xfc3fffff]
Nov 19 20:29:08 Docker1 kernel: pci_bus 0000:0f: resource 2 [mem 0xe6900000-0xe69fffff 64bit pref]
Nov 19 20:29:08 Docker1 kernel: pci_bus 0000:10: resource 1 [mem 0xfbf00000-0xfbffffff]
Nov 19 20:29:08 Docker1 kernel: pci_bus 0000:10: resource 2 [mem 0xe6500000-0xe65fffff 64bit pref]
Nov 19 20:29:08 Docker1 kernel: pci_bus 0000:11: resource 1 [mem 0xfbb00000-0xfbbfffff]
Nov 19 20:29:08 Docker1 kernel: pci_bus 0000:11: resource 2 [mem 0xe6100000-0xe61fffff 64bit pref]
Nov 19 20:29:08 Docker1 kernel: pci_bus 0000:12: resource 1 [mem 0xfb700000-0xfb7fffff]
Nov 19 20:29:08 Docker1 kernel: pci_bus 0000:12: resource 2 [mem 0xe5d00000-0xe5dfffff 64bit pref]
Nov 19 20:29:08 Docker1 kernel: pci_bus 0000:13: resource 0 [io  0x6000-0x6fff]
Nov 19 20:29:08 Docker1 kernel: pci_bus 0000:13: resource 1 [mem 0xfd200000-0xfd2fffff]
Nov 19 20:29:08 Docker1 kernel: pci_bus 0000:13: resource 2 [mem 0xe7800000-0xe78fffff 64bit pref]
Nov 19 20:29:08 Docker1 kernel: pci_bus 0000:14: resource 0 [io  0xa000-0xafff]
Nov 19 20:29:08 Docker1 kernel: pci_bus 0000:14: resource 1 [mem 0xfce00000-0xfcefffff]
Nov 19 20:29:08 Docker1 kernel: pci_bus 0000:14: resource 2 [mem 0xe7400000-0xe74fffff 64bit pref]
Nov 19 20:29:08 Docker1 kernel: pci_bus 0000:15: resource 0 [io  0xe000-0xefff]
Nov 19 20:29:08 Docker1 kernel: pci_bus 0000:15: resource 1 [mem 0xfca00000-0xfcafffff]
Nov 19 20:29:08 Docker1 kernel: pci_bus 0000:15: resource 2 [mem 0xe7000000-0xe70fffff 64bit pref]
Nov 19 20:29:08 Docker1 kernel: pci_bus 0000:16: resource 1 [mem 0xfc600000-0xfc6fffff]
Nov 19 20:29:08 Docker1 kernel: pci_bus 0000:16: resource 2 [mem 0xe6c00000-0xe6cfffff 64bit pref]
Nov 19 20:29:08 Docker1 kernel: pci_bus 0000:17: resource 1 [mem 0xfc200000-0xfc2fffff]
Nov 19 20:29:08 Docker1 kernel: pci_bus 0000:17: resource 2 [mem 0xe6800000-0xe68fffff 64bit pref]
Nov 19 20:29:08 Docker1 kernel: pci_bus 0000:18: resource 1 [mem 0xfbe00000-0xfbefffff]
Nov 19 20:29:08 Docker1 kernel: pci_bus 0000:18: resource 2 [mem 0xe6400000-0xe64fffff 64bit pref]
Nov 19 20:29:08 Docker1 kernel: pci_bus 0000:19: resource 1 [mem 0xfba00000-0xfbafffff]
Nov 19 20:29:08 Docker1 kernel: pci_bus 0000:19: resource 2 [mem 0xe6000000-0xe60fffff 64bit pref]
Nov 19 20:29:08 Docker1 kernel: pci_bus 0000:1a: resource 1 [mem 0xfb600000-0xfb6fffff]
Nov 19 20:29:08 Docker1 kernel: pci_bus 0000:1a: resource 2 [mem 0xe5c00000-0xe5cfffff 64bit pref]
Nov 19 20:29:08 Docker1 kernel: pci_bus 0000:1b: resource 0 [io  0x7000-0x7fff]
Nov 19 20:29:08 Docker1 kernel: pci_bus 0000:1b: resource 1 [mem 0xfd100000-0xfd1fffff]
Nov 19 20:29:08 Docker1 kernel: pci_bus 0000:1b: resource 2 [mem 0xe7700000-0xe77fffff 64bit pref]
Nov 19 20:29:08 Docker1 kernel: pci_bus 0000:1c: resource 0 [io  0xb000-0xbfff]
Nov 19 20:29:08 Docker1 kernel: pci_bus 0000:1c: resource 1 [mem 0xfcd00000-0xfcdfffff]
Nov 19 20:29:08 Docker1 kernel: pci_bus 0000:1c: resource 2 [mem 0xe7300000-0xe73fffff 64bit pref]
Nov 19 20:29:08 Docker1 kernel: pci_bus 0000:1d: resource 1 [mem 0xfc900000-0xfc9fffff]
Nov 19 20:29:08 Docker1 kernel: pci_bus 0000:1d: resource 2 [mem 0xe6f00000-0xe6ffffff 64bit pref]
Nov 19 20:29:08 Docker1 kernel: pci_bus 0000:1e: resource 1 [mem 0xfc500000-0xfc5fffff]
Nov 19 20:29:08 Docker1 kernel: pci_bus 0000:1e: resource 2 [mem 0xe6b00000-0xe6bfffff 64bit pref]
Nov 19 20:29:08 Docker1 kernel: pci_bus 0000:1f: resource 1 [mem 0xfc100000-0xfc1fffff]
Nov 19 20:29:08 Docker1 kernel: pci_bus 0000:1f: resource 2 [mem 0xe6700000-0xe67fffff 64bit pref]
Nov 19 20:29:08 Docker1 kernel: pci_bus 0000:20: resource 1 [mem 0xfbd00000-0xfbdfffff]
Nov 19 20:29:08 Docker1 kernel: pci_bus 0000:20: resource 2 [mem 0xe6300000-0xe63fffff 64bit pref]
Nov 19 20:29:08 Docker1 kernel: pci_bus 0000:21: resource 1 [mem 0xfb900000-0xfb9fffff]
Nov 19 20:29:08 Docker1 kernel: pci_bus 0000:21: resource 2 [mem 0xe5f00000-0xe5ffffff 64bit pref]
Nov 19 20:29:08 Docker1 kernel: pci_bus 0000:22: resource 1 [mem 0xfb500000-0xfb5fffff]
Nov 19 20:29:08 Docker1 kernel: pci_bus 0000:22: resource 2 [mem 0xe5b00000-0xe5bfffff 64bit pref]
Nov 19 20:29:08 Docker1 kernel: NET: Registered protocol family 2
Nov 19 20:29:08 Docker1 kernel: tcp_listen_portaddr_hash hash table entries: 4096 (order: 4, 65536 bytes)
Nov 19 20:29:08 Docker1 kernel: TCP established hash table entries: 65536 (order: 7, 524288 bytes)
Nov 19 20:29:08 Docker1 kernel: TCP bind hash table entries: 65536 (order: 8, 1048576 bytes)
Nov 19 20:29:08 Docker1 kernel: TCP: Hash tables configured (established 65536 bind 65536)
Nov 19 20:29:08 Docker1 kernel: MPTCP token hash table entries: 8192 (order: 5, 196608 bytes)
Nov 19 20:29:08 Docker1 kernel: UDP hash table entries: 4096 (order: 5, 131072 bytes)
Nov 19 20:29:08 Docker1 kernel: UDP-Lite hash table entries: 4096 (order: 5, 131072 bytes)
Nov 19 20:29:08 Docker1 kernel: NET: Registered protocol family 1
Nov 19 20:29:08 Docker1 kernel: NET: Registered protocol family 44
Nov 19 20:29:08 Docker1 kernel: pci 0000:00:00.0: Limiting direct PCI/PCI transfers
Nov 19 20:29:08 Docker1 kernel: pci 0000:00:0f.0: Video device with shadowed ROM at [mem 0x000c0000-0x000dffff]
Nov 19 20:29:08 Docker1 kernel: pci 0000:02:01.0: CLS mismatch (32 != 64), using 64 bytes
Nov 19 20:29:08 Docker1 kernel: Unpacking initramfs...
Nov 19 20:29:08 Docker1 kernel: Freeing initrd memory: 53636K
Nov 19 20:29:08 Docker1 kernel: PCI-DMA: Using software bounce buffering for IO (SWIOTLB)
Nov 19 20:29:08 Docker1 kernel: software IO TLB: mapped [mem 0xaf000000-0xb3000000] (64MB)
Nov 19 20:29:08 Docker1 kernel: Initialise system trusted keyrings
Nov 19 20:29:08 Docker1 kernel: Key type blacklist registered
Nov 19 20:29:08 Docker1 kernel: workingset: timestamp_bits=36 max_order=21 bucket_order=0
Nov 19 20:29:08 Docker1 kernel: zbud: loaded
Nov 19 20:29:08 Docker1 kernel: pstore: using deflate compression
Nov 19 20:29:08 Docker1 kernel: Platform Keyring initialized
Nov 19 20:29:08 Docker1 kernel: NET: Registered protocol family 38
Nov 19 20:29:08 Docker1 kernel: Key type asymmetric registered
Nov 19 20:29:08 Docker1 kernel: Asymmetric key parser 'x509' registered
Nov 19 20:29:08 Docker1 kernel: Block layer SCSI generic (bsg) driver version 0.4 loaded (major 247)
Nov 19 20:29:08 Docker1 kernel: io scheduler mq-deadline registered
Nov 19 20:29:08 Docker1 kernel: io scheduler kyber registered
Nov 19 20:29:08 Docker1 kernel: io scheduler bfq registered
Nov 19 20:29:08 Docker1 kernel: atomic64_test: passed for x86-64 platform with CX8 and with SSE
Nov 19 20:29:08 Docker1 kernel: pcieport 0000:00:15.0: Signaling with IRQ 24
Nov 19 20:29:08 Docker1 kernel: pcieport 0000:00:15.0: Slot #160 AttnBtn+ PwrCtrl+ MRL- AttnInd- PwrInd- HotPlug+ Surprise- Interlock- NoCompl+ IbPresDis- LLActRep+
Nov 19 20:29:08 Docker1 kernel: pcieport 0000:00:15.1: Signaling with IRQ 25
Nov 19 20:29:08 Docker1 kernel: pcieport 0000:00:15.1: Slot #161 AttnBtn+ PwrCtrl+ MRL- AttnInd- PwrInd- HotPlug+ Surprise- Interlock- NoCompl+ IbPresDis- LLActRep+
Nov 19 20:29:08 Docker1 kernel: pcieport 0000:00:15.2: Signaling with IRQ 26
Nov 19 20:29:08 Docker1 kernel: pcieport 0000:00:15.2: Slot #162 AttnBtn+ PwrCtrl+ MRL- AttnInd- PwrInd- HotPlug+ Surprise- Interlock- NoCompl+ IbPresDis- LLActRep+
Nov 19 20:29:08 Docker1 kernel: pcieport 0000:00:15.3: Signaling with IRQ 27
Nov 19 20:29:08 Docker1 kernel: pcieport 0000:00:15.3: Slot #163 AttnBtn+ PwrCtrl+ MRL- AttnInd- PwrInd- HotPlug+ Surprise- Interlock- NoCompl+ IbPresDis- LLActRep+
Nov 19 20:29:08 Docker1 kernel: pcieport 0000:00:15.4: Signaling with IRQ 28
Nov 19 20:29:08 Docker1 kernel: pcieport 0000:00:15.4: Slot #164 AttnBtn+ PwrCtrl+ MRL- AttnInd- PwrInd- HotPlug+ Surprise- Interlock- NoCompl+ IbPresDis- LLActRep+
Nov 19 20:29:08 Docker1 kernel: pcieport 0000:00:15.5: Signaling with IRQ 29
Nov 19 20:29:08 Docker1 kernel: pcieport 0000:00:15.5: Slot #165 AttnBtn+ PwrCtrl+ MRL- AttnInd- PwrInd- HotPlug+ Surprise- Interlock- NoCompl+ IbPresDis- LLActRep+
Nov 19 20:29:08 Docker1 kernel: pcieport 0000:00:15.6: Signaling with IRQ 30
Nov 19 20:29:08 Docker1 kernel: pcieport 0000:00:15.6: Slot #166 AttnBtn+ PwrCtrl+ MRL- AttnInd- PwrInd- HotPlug+ Surprise- Interlock- NoCompl+ IbPresDis- LLActRep+
Nov 19 20:29:08 Docker1 kernel: pcieport 0000:00:15.7: Signaling with IRQ 31
Nov 19 20:29:08 Docker1 kernel: pcieport 0000:00:15.7: Slot #167 AttnBtn+ PwrCtrl+ MRL- AttnInd- PwrInd- HotPlug+ Surprise- Interlock- NoCompl+ IbPresDis- LLActRep+
Nov 19 20:29:08 Docker1 kernel: pcieport 0000:00:16.0: Signaling with IRQ 32
Nov 19 20:29:08 Docker1 kernel: pcieport 0000:00:16.0: Slot #192 AttnBtn+ PwrCtrl+ MRL- AttnInd- PwrInd- HotPlug+ Surprise- Interlock- NoCompl+ IbPresDis- LLActRep+
Nov 19 20:29:08 Docker1 kernel: pcieport 0000:00:16.1: Signaling with IRQ 33
Nov 19 20:29:08 Docker1 kernel: pcieport 0000:00:16.1: Slot #193 AttnBtn+ PwrCtrl+ MRL- AttnInd- PwrInd- HotPlug+ Surprise- Interlock- NoCompl+ IbPresDis- LLActRep+
Nov 19 20:29:08 Docker1 kernel: pcieport 0000:00:16.2: Signaling with IRQ 34
Nov 19 20:29:08 Docker1 kernel: pcieport 0000:00:16.2: Slot #194 AttnBtn+ PwrCtrl+ MRL- AttnInd- PwrInd- HotPlug+ Surprise- Interlock- NoCompl+ IbPresDis- LLActRep+
Nov 19 20:29:08 Docker1 kernel: pcieport 0000:00:16.3: Signaling with IRQ 35
Nov 19 20:29:08 Docker1 kernel: pcieport 0000:00:16.3: Slot #195 AttnBtn+ PwrCtrl+ MRL- AttnInd- PwrInd- HotPlug+ Surprise- Interlock- NoCompl+ IbPresDis- LLActRep+
Nov 19 20:29:08 Docker1 kernel: pcieport 0000:00:16.4: Signaling with IRQ 36
Nov 19 20:29:08 Docker1 kernel: pcieport 0000:00:16.4: Slot #196 AttnBtn+ PwrCtrl+ MRL- AttnInd- PwrInd- HotPlug+ Surprise- Interlock- NoCompl+ IbPresDis- LLActRep+
Nov 19 20:29:08 Docker1 kernel: pcieport 0000:00:16.5: Signaling with IRQ 37
Nov 19 20:29:08 Docker1 kernel: pcieport 0000:00:16.5: Slot #197 AttnBtn+ PwrCtrl+ MRL- AttnInd- PwrInd- HotPlug+ Surprise- Interlock- NoCompl+ IbPresDis- LLActRep+
Nov 19 20:29:08 Docker1 kernel: pcieport 0000:00:16.6: Signaling with IRQ 38
Nov 19 20:29:08 Docker1 kernel: pcieport 0000:00:16.6: Slot #198 AttnBtn+ PwrCtrl+ MRL- AttnInd- PwrInd- HotPlug+ Surprise- Interlock- NoCompl+ IbPresDis- LLActRep+
Nov 19 20:29:08 Docker1 kernel: pcieport 0000:00:16.7: Signaling with IRQ 39
Nov 19 20:29:08 Docker1 kernel: pcieport 0000:00:16.7: Slot #199 AttnBtn+ PwrCtrl+ MRL- AttnInd- PwrInd- HotPlug+ Surprise- Interlock- NoCompl+ IbPresDis- LLActRep+
Nov 19 20:29:08 Docker1 kernel: pcieport 0000:00:17.0: Signaling with IRQ 40
Nov 19 20:29:08 Docker1 kernel: pcieport 0000:00:17.0: Slot #224 AttnBtn+ PwrCtrl+ MRL- AttnInd- PwrInd- HotPlug+ Surprise- Interlock- NoCompl+ IbPresDis- LLActRep+
Nov 19 20:29:08 Docker1 kernel: pcieport 0000:00:17.1: Signaling with IRQ 41
Nov 19 20:29:08 Docker1 kernel: pcieport 0000:00:17.1: Slot #225 AttnBtn+ PwrCtrl+ MRL- AttnInd- PwrInd- HotPlug+ Surprise- Interlock- NoCompl+ IbPresDis- LLActRep+
Nov 19 20:29:08 Docker1 kernel: pcieport 0000:00:17.2: Signaling with IRQ 42
Nov 19 20:29:08 Docker1 kernel: pcieport 0000:00:17.2: Slot #226 AttnBtn+ PwrCtrl+ MRL- AttnInd- PwrInd- HotPlug+ Surprise- Interlock- NoCompl+ IbPresDis- LLActRep+
Nov 19 20:29:08 Docker1 kernel: pcieport 0000:00:17.3: Signaling with IRQ 43
